Forge Auto Renaming Tool v2.0.4
lib: C:\Users\Caleb\MCreatorWorkspaces\doorscraft_legacy\build\moddev\artifacts\forge-1.20.1-47.4.0.jar
lib: C:\Users\Caleb\.mcreator\gradle\caches\modules-2\files-2.1\cpw.mods\securejarhandler\2.1.10\51e6a22c6c716beb11e244bf5b8be480f51dd6b5\securejarhandler-2.1.10.jar
lib: C:\Users\Caleb\.mcreator\gradle\caches\modules-2\files-2.1\net.minecraftforge\fmlloader\1.20.1-47.4.0\350292a3c597f65d130e48b6e419a2b21cba2ac1\fmlloader-1.20.1-47.4.0.jar
lib: C:\Users\Caleb\.mcreator\gradle\caches\modules-2\files-2.1\net.minecraftforge\coremods\5.2.4\e30bab269d896613e38396274711410b3a0e4b87\coremods-5.2.4.jar
lib: C:\Users\Caleb\.mcreator\gradle\caches\modules-2\files-2.1\cpw.mods\modlauncher\10.0.9\6d9443f56f50bb85cea383686ff9c867391458b\modlauncher-10.0.9.jar
lib: C:\Users\Caleb\.mcreator\gradle\caches\modules-2\files-2.1\org.openjdk.nashorn\nashorn-core\15.4\f67f5ffaa5f5130cf6fb9b133da00c7df3b532a5\nashorn-core-15.4.jar
lib: C:\Users\Caleb\.mcreator\gradle\caches\modules-2\files-2.1\org.ow2.asm\asm-commons\9.7.1\406c6a2225cfe1819f102a161e54cc16a5c24f75\asm-commons-9.7.1.jar
lib: C:\Users\Caleb\.mcreator\gradle\caches\modules-2\files-2.1\org.ow2.asm\asm-util\9.7.1\9e23359b598ec6b74b23e53110dd5c577adf2243\asm-util-9.7.1.jar
lib: C:\Users\Caleb\.mcreator\gradle\caches\modules-2\files-2.1\org.ow2.asm\asm-analysis\9.7.1\f97a3b319f0ed6a8cd944dc79060d3912a28985f\asm-analysis-9.7.1.jar
lib: C:\Users\Caleb\.mcreator\gradle\caches\modules-2\files-2.1\org.ow2.asm\asm-tree\9.7.1\3a53139787663b139de76b627fca0084ab60d32c\asm-tree-9.7.1.jar
lib: C:\Users\Caleb\.mcreator\gradle\caches\modules-2\files-2.1\org.ow2.asm\asm\9.7.1\f0ed132a49244b042cd0e15702ab9f2ce3cc8436\asm-9.7.1.jar
lib: C:\Users\Caleb\.mcreator\gradle\caches\modules-2\files-2.1\net.minecraftforge\accesstransformers\8.0.4\272d240aa73f42195b2a68e2ebd8b701ecf41f63\accesstransformers-8.0.4.jar
lib: C:\Users\Caleb\.mcreator\gradle\caches\modules-2\files-2.1\org.antlr\antlr4\4.9.1\e92af8ab33e428461927b484e90bb155a4f3a052\antlr4-4.9.1.jar
lib: C:\Users\Caleb\.mcreator\gradle\caches\modules-2\files-2.1\org.antlr\antlr4-runtime\4.9.1\428664f05d2b7f7b7610204b5aa7c1763f62011a\antlr4-runtime-4.9.1.jar
lib: C:\Users\Caleb\.mcreator\gradle\caches\modules-2\files-2.1\net.minecraftforge\fmlcore\1.20.1-47.4.0\235975dafa4309945b59c56b53f31dc5b65a6051\fmlcore-1.20.1-47.4.0.jar
lib: C:\Users\Caleb\.mcreator\gradle\caches\modules-2\files-2.1\net.minecraftforge\eventbus\6.0.5\699143dd438431d06b57416944f7cedbe52e1475\eventbus-6.0.5.jar
lib: C:\Users\Caleb\.mcreator\gradle\caches\modules-2\files-2.1\net.minecraftforge\forgespi\7.0.1\3b4972a0cdb135853dba219be61a79b22cff1309\forgespi-7.0.1.jar
lib: C:\Users\Caleb\.mcreator\gradle\caches\modules-2\files-2.1\net.minecraftforge\unsafe\0.2.0\54d7a0a5e8fdb71b973025caa46f341ae5904f39\unsafe-0.2.0.jar
lib: C:\Users\Caleb\.mcreator\gradle\caches\modules-2\files-2.1\net.minecraftforge\mergetool\1.1.5\e31dad26696043b540681aabc93e2001a1a2cd44\mergetool-1.1.5.jar
lib: C:\Users\Caleb\.mcreator\gradle\caches\modules-2\files-2.1\net.minecraftforge\mergetool\1.1.5\f3da18e12c696d35a47c82cbb2cc8b5aa15e1154\mergetool-1.1.5-api.jar
lib: C:\Users\Caleb\.mcreator\gradle\caches\modules-2\files-2.1\com.electronwill.night-config\toml\3.6.4\51d6cefb2b55ee55ee26b16391212fb2c7dfb4f4\toml-3.6.4.jar
lib: C:\Users\Caleb\.mcreator\gradle\caches\modules-2\files-2.1\com.electronwill.night-config\core\3.6.4\510f174abbf1c947494db50ef2445683bd52c230\core-3.6.4.jar
lib: C:\Users\Caleb\.mcreator\gradle\caches\modules-2\files-2.1\net.minecraftforge\JarJarSelector\0.3.19\376cc9c8ea60720cf027c01fc033de915699801c\JarJarSelector-0.3.19.jar
lib: C:\Users\Caleb\.mcreator\gradle\caches\modules-2\files-2.1\net.minecraftforge\JarJarMetadata\0.3.19\83feaa9b770e6ac0e96ee4fc23fa89325c5fe2\JarJarMetadata-0.3.19.jar
lib: C:\Users\Caleb\.mcreator\gradle\caches\modules-2\files-2.1\org.apache.maven\maven-artifact\3.8.5\4433f50c07debefaed0553bd0068f4f48d449313\maven-artifact-3.8.5.jar
lib: C:\Users\Caleb\.mcreator\gradle\caches\modules-2\files-2.1\net.jodah\typetools\0.6.3\a01aaa6ddaea9ec07ec4f209487b7a46a526283a\typetools-0.6.3.jar
lib: C:\Users\Caleb\.mcreator\gradle\caches\modules-2\files-2.1\net.minecrell\terminalconsoleappender\1.2.0\96d02cd3b384ff015a8fef4223bcb4ccf1717c95\terminalconsoleappender-1.2.0.jar
lib: C:\Users\Caleb\.mcreator\gradle\caches\modules-2\files-2.1\org.jline\jline-reader\3.12.1\4382ab1382c7b6f379377ed5f665dc2f6e1218bc\jline-reader-3.12.1.jar
lib: C:\Users\Caleb\.mcreator\gradle\caches\modules-2\files-2.1\org.jline\jline-terminal\3.12.1\c777448314e050d980a6b697c140f3bfe9eb7416\jline-terminal-3.12.1.jar
lib: C:\Users\Caleb\.mcreator\gradle\caches\modules-2\files-2.1\org.spongepowered\mixin\0.8.5\9d1c0c3a304ae6697ecd477218fa61b850bf57fc\mixin-0.8.5.jar
lib: C:\Users\Caleb\.mcreator\gradle\caches\modules-2\files-2.1\cpw.mods\bootstraplauncher\1.1.2\c546e00443d8432cda6baa1c860346980742628\bootstraplauncher-1.1.2.jar
lib: C:\Users\Caleb\.mcreator\gradle\caches\modules-2\files-2.1\net.minecraftforge\JarJarFileSystems\0.3.19\2464eb7d6b9ddb9db36a82cf8a95193e5c6fe020\JarJarFileSystems-0.3.19.jar
lib: C:\Users\Caleb\.mcreator\gradle\caches\modules-2\files-2.1\net.minecraftforge\fmlearlydisplay\1.20.1-47.4.0\5a0c2d1a65a422bd0e64548e58b70f4d011ef788\fmlearlydisplay-1.20.1-47.4.0.jar
lib: C:\Users\Caleb\.mcreator\gradle\caches\modules-2\files-2.1\net.minecraftforge\javafmllanguage\1.20.1-47.4.0\f0c0b352173d0a378cbdcec9cfc4ba65899a721\javafmllanguage-1.20.1-47.4.0.jar
lib: C:\Users\Caleb\.mcreator\gradle\caches\modules-2\files-2.1\net.minecraftforge\lowcodelanguage\1.20.1-47.4.0\e862740d8c84d08dbfedea412bef88fe42e727c5\lowcodelanguage-1.20.1-47.4.0.jar
lib: C:\Users\Caleb\.mcreator\gradle\caches\modules-2\files-2.1\net.minecraftforge\mclanguage\1.20.1-47.4.0\5719b3a297a33f877ed5dde4cb4bd75c859096af\mclanguage-1.20.1-47.4.0.jar
lib: C:\Users\Caleb\.mcreator\gradle\caches\modules-2\resources-2.1\38\c7d29380ddb38becad7c0819b5b325e43bca23f0\mcp_config-1.20.1.zip
lib: C:\Users\Caleb\.mcreator\gradle\caches\modules-2\files-2.1\org.codehaus.plexus\plexus-utils\3.3.0\cf43b5391de623b36fe066a21127baef82c64022\plexus-utils-3.3.0.jar
lib: C:\Users\Caleb\.mcreator\gradle\caches\modules-2\files-2.1\org.apache.commons\commons-lang3\3.12.0\c6842c86792ff03b9f1d1fe2aab8dc23aa6c6f0e\commons-lang3-3.12.0.jar
lib: C:\Users\Caleb\.mcreator\gradle\caches\modules-2\files-2.1\org.apache.logging.log4j\log4j-core\2.8.1\4ac28ff2f1ddf05dae3043a190451e8c46b73c31\log4j-core-2.8.1.jar
lib: C:\Users\Caleb\.mcreator\gradle\caches\modules-2\files-2.1\com.google.code.gson\gson\2.10\dd9b193aef96e973d5a11ab13cd17430c2e4306b\gson-2.10.jar
lib: C:\Users\Caleb\.mcreator\gradle\caches\modules-2\files-2.1\com.google.guava\guava\31.1-jre\60458f877d055d0c9114d9e1a2efb737b4bc282c\guava-31.1-jre.jar
lib: C:\Users\Caleb\.mcreator\gradle\caches\modules-2\files-2.1\com.machinezoo.noexception\noexception\1.7.1\b65330c98e38a1f915fa54a6e5eca496505e3f0a\noexception-1.7.1.jar
lib: C:\Users\Caleb\.mcreator\gradle\caches\modules-2\files-2.1\org.slf4j\slf4j-api\1.8.0-beta4\83b0359d847ee053d745be7ec0d8e9e8a44304b4\slf4j-api-1.8.0-beta4.jar
lib: C:\Users\Caleb\.mcreator\gradle\caches\modules-2\files-2.1\org.apache.logging.log4j\log4j-api\2.19.0\ea1b37f38c327596b216542bc636cfdc0b8036fa\log4j-api-2.19.0.jar
lib: C:\Users\Caleb\.mcreator\gradle\caches\modules-2\files-2.1\com.mojang\logging\1.1.1\832b8e6674a9b325a5175a3a6267dfaf34c85139\logging-1.1.1.jar
lib: C:\Users\Caleb\.mcreator\gradle\caches\modules-2\files-2.1\com.github.oshi\oshi-core\6.2.2\54f5efc19bca95d709d9a37d19ffcbba3d21c1a6\oshi-core-6.2.2.jar
lib: C:\Users\Caleb\.mcreator\gradle\caches\modules-2\files-2.1\com.google.guava\failureaccess\1.0.1\1dcf1de382a0bf95a3d8b0849546c88bac1292c9\failureaccess-1.0.1.jar
lib: C:\Users\Caleb\.mcreator\gradle\caches\modules-2\files-2.1\com.ibm.icu\icu4j\61.1\28d33b5e44e72edcc66a5da7a34a42147f38d987\icu4j-61.1.jar
lib: C:\Users\Caleb\.mcreator\gradle\caches\modules-2\files-2.1\com.mojang\authlib\4.0.43\2ff9d747a77570a07a60d32ac77eb6162ad2a2d9\authlib-4.0.43.jar
lib: C:\Users\Caleb\.mcreator\gradle\caches\modules-2\files-2.1\com.mojang\blocklist\1.0.10\5c685c5ffa94c4cd39496c7184c1d122e515ecef\blocklist-1.0.10.jar
lib: C:\Users\Caleb\.mcreator\gradle\caches\modules-2\files-2.1\com.mojang\brigadier\1.1.8\5244ce82c3337bba4a196a3ce858bfaecc74404a\brigadier-1.1.8.jar
lib: C:\Users\Caleb\.mcreator\gradle\caches\modules-2\files-2.1\com.mojang\datafixerupper\6.0.8\3ba4a30557a9b057760af4011f909ba619fc5125\datafixerupper-6.0.8.jar
lib: C:\Users\Caleb\.mcreator\gradle\caches\modules-2\files-2.1\com.mojang\patchy\2.2.10\da05971b07cbb379d002cf7eaec6a2048211fefc\patchy-2.2.10.jar
lib: C:\Users\Caleb\.mcreator\gradle\caches\modules-2\files-2.1\com.mojang\text2speech\1.17.9\3cad216e3a7f0c19b4b394388bc9ffc446f13b14\text2speech-1.17.9.jar
lib: C:\Users\Caleb\.mcreator\gradle\caches\modules-2\files-2.1\commons-codec\commons-codec\1.15\49d94806b6e3dc933dacbd8acb0fdbab8ebd1e5d\commons-codec-1.15.jar
lib: C:\Users\Caleb\.mcreator\gradle\caches\modules-2\files-2.1\commons-io\commons-io\2.11.0\a2503f302b11ebde7ebc3df41daebe0e4eea3689\commons-io-2.11.0.jar
lib: C:\Users\Caleb\.mcreator\gradle\caches\modules-2\files-2.1\commons-logging\commons-logging\1.2\4bfc12adfe4842bf07b657f0369c4cb522955686\commons-logging-1.2.jar
lib: C:\Users\Caleb\.mcreator\gradle\caches\modules-2\files-2.1\io.netty\netty-buffer\4.1.82.Final\a544270cf1ae8b8077082f5036436a9a9971ea71\netty-buffer-4.1.82.Final.jar
lib: C:\Users\Caleb\.mcreator\gradle\caches\modules-2\files-2.1\io.netty\netty-codec\4.1.82.Final\b77200379acb345a9ffdece1c605e591ac3e4e0a\netty-codec-4.1.82.Final.jar
lib: C:\Users\Caleb\.mcreator\gradle\caches\modules-2\files-2.1\io.netty\netty-common\4.1.82.Final\22d148e85c3f5ebdacc0ce1f5aabb1d420f73f3\netty-common-4.1.82.Final.jar
lib: C:\Users\Caleb\.mcreator\gradle\caches\modules-2\files-2.1\io.netty\netty-handler\4.1.82.Final\644041d1fa96a5d3130a29e8978630d716d76e38\netty-handler-4.1.82.Final.jar
lib: C:\Users\Caleb\.mcreator\gradle\caches\modules-2\files-2.1\io.netty\netty-resolver\4.1.82.Final\38f665ae8dcd29032eea31245ba7806bed2e0fa8\netty-resolver-4.1.82.Final.jar
lib: C:\Users\Caleb\.mcreator\gradle\caches\modules-2\files-2.1\io.netty\netty-transport-classes-epoll\4.1.82.Final\e7c7dd18deac93105797f30057c912651ea76521\netty-transport-classes-epoll-4.1.82.Final.jar
lib: C:\Users\Caleb\.mcreator\gradle\caches\modules-2\files-2.1\io.netty\netty-transport-native-unix-common\4.1.82.Final\3e895b35ca1b8a0eca56cacff4c2dde5d2c6abce\netty-transport-native-unix-common-4.1.82.Final.jar
lib: C:\Users\Caleb\.mcreator\gradle\caches\modules-2\files-2.1\io.netty\netty-transport\4.1.82.Final\e431a218d91acb6476ccad5f5aafde50aa3945ca\netty-transport-4.1.82.Final.jar
lib: C:\Users\Caleb\.mcreator\gradle\caches\modules-2\files-2.1\it.unimi.dsi\fastutil\8.5.9\bb7ea75ecdb216654237830b3a96d87ad91f8cc5\fastutil-8.5.9.jar
lib: C:\Users\Caleb\.mcreator\gradle\caches\modules-2\files-2.1\net.java.dev.jna\jna-platform\5.12.1\97406a297c852f4a41e688a176ec675f72e8329\jna-platform-5.12.1.jar
lib: C:\Users\Caleb\.mcreator\gradle\caches\modules-2\files-2.1\net.java.dev.jna\jna\5.12.1\b1e93a735caea94f503e95e6fe79bf9cdc1e985d\jna-5.12.1.jar
lib: C:\Users\Caleb\.mcreator\gradle\caches\modules-2\files-2.1\net.sf.jopt-simple\jopt-simple\5.0.4\4fdac2fbe92dfad86aa6e9301736f6b4342a3f5c\jopt-simple-5.0.4.jar
lib: C:\Users\Caleb\.mcreator\gradle\caches\modules-2\files-2.1\org.apache.commons\commons-compress\1.21\4ec95b60d4e86b5c95a0e919cb172a0af98011ef\commons-compress-1.21.jar
lib: C:\Users\Caleb\.mcreator\gradle\caches\modules-2\files-2.1\org.apache.httpcomponents\httpclient\4.5.13\e5f6cae5ca7ecaac1ec2827a9e2d65ae2869cada\httpclient-4.5.13.jar
lib: C:\Users\Caleb\.mcreator\gradle\caches\modules-2\files-2.1\org.apache.httpcomponents\httpcore\4.4.15\7f2e0c573eaa7a74bac2e89b359e1f73d92a0a1d\httpcore-4.4.15.jar
lib: C:\Users\Caleb\.mcreator\gradle\caches\modules-2\files-2.1\org.apache.logging.log4j\log4j-slf4j2-impl\2.19.0\5c04bfdd63ce9dceb2e284b81e96b6a70010ee10\log4j-slf4j2-impl-2.19.0.jar
lib: C:\Users\Caleb\.mcreator\gradle\caches\modules-2\files-2.1\org.joml\joml\1.10.5\22566d58af70ad3d72308bab63b8339906deb649\joml-1.10.5.jar
lib: C:\Users\Caleb\.mcreator\gradle\caches\modules-2\files-2.1\org.lwjgl\lwjgl-glfw\3.3.1\cbac1b8d30cb4795149c1ef540f912671a8616d0\lwjgl-glfw-3.3.1.jar
lib: C:\Users\Caleb\.mcreator\gradle\caches\modules-2\files-2.1\org.lwjgl\lwjgl-jemalloc\3.3.1\a817bcf213db49f710603677457567c37d53e103\lwjgl-jemalloc-3.3.1.jar
lib: C:\Users\Caleb\.mcreator\gradle\caches\modules-2\files-2.1\org.lwjgl\lwjgl-openal\3.3.1\2623a6b8ae1dfcd880738656a9f0243d2e6840bd\lwjgl-openal-3.3.1.jar
lib: C:\Users\Caleb\.mcreator\gradle\caches\modules-2\files-2.1\org.lwjgl\lwjgl-opengl\3.3.1\831a5533a21a5f4f81bbc51bb13e9899319b5411\lwjgl-opengl-3.3.1.jar
lib: C:\Users\Caleb\.mcreator\gradle\caches\modules-2\files-2.1\org.lwjgl\lwjgl-stb\3.3.1\b119297cf8ed01f247abe8685857f8e7fcf5980f\lwjgl-stb-3.3.1.jar
lib: C:\Users\Caleb\.mcreator\gradle\caches\modules-2\files-2.1\org.lwjgl\lwjgl-tinyfd\3.3.1\ff1914111ef2e3e0110ef2dabc8d8cdaad82347\lwjgl-tinyfd-3.3.1.jar
lib: C:\Users\Caleb\.mcreator\gradle\caches\modules-2\files-2.1\org.lwjgl\lwjgl\3.3.1\ae58664f88e18a9bb2c77b063833ca7aaec484cb\lwjgl-3.3.1.jar
lib: C:\Users\Caleb\.mcreator\gradle\caches\modules-2\files-2.1\ca.weblite\java-objc-bridge\1.1\1227f9e0666314f9de41477e3ec277e542ed7f7b\java-objc-bridge-1.1.jar
lib: C:\Users\Caleb\.mcreator\gradle\caches\modules-2\files-2.1\org.antlr\ST4\4.3\92f2c1ad8d84abcbeead6cf7f2c53a04166293c2\ST4-4.3.jar
lib: C:\Users\Caleb\.mcreator\gradle\caches\modules-2\files-2.1\org.antlr\antlr-runtime\3.5.2\cd9cd41361c155f3af0f653009dcecb08d8b4afd\antlr-runtime-3.5.2.jar
lib: C:\Users\Caleb\.mcreator\gradle\caches\modules-2\files-2.1\org.abego.treelayout\org.abego.treelayout.core\1.0.3\457216e8e6578099ae63667bb1e4439235892028\org.abego.treelayout.core-1.0.3.jar
lib: C:\Users\Caleb\.mcreator\gradle\caches\modules-2\files-2.1\org.glassfish\javax.json\1.0.4\3178f73569fd7a1e5ffc464e680f7a8cc784b85a\javax.json-1.0.4.jar
lib: C:\Users\Caleb\.mcreator\gradle\caches\modules-2\files-2.1\com.google.guava\listenablefuture\9999.0-empty-to-avoid-conflict-with-guava\b421526c5f297295adef1c886e5246c39d4ac629\listenablefuture-9999.0-empty-to-avoid-conflict-with-guava.jar
lib: C:\Users\Caleb\.mcreator\gradle\caches\modules-2\files-2.1\com.google.code.findbugs\jsr305\3.0.2\25ea2e8b0c338a877313bd4672d3fe056ea78f0d\jsr305-3.0.2.jar
lib: C:\Users\Caleb\.mcreator\gradle\caches\modules-2\files-2.1\org.checkerframework\checker-qual\3.12.0\d5692f0526415fcc6de94bb5bfbd3afd9dd3b3e5\checker-qual-3.12.0.jar
lib: C:\Users\Caleb\.mcreator\gradle\caches\modules-2\files-2.1\com.google.errorprone\error_prone_annotations\2.11.0\c5a0ace696d3f8b1c1d8cc036d8c03cc0cbe6b69\error_prone_annotations-2.11.0.jar
lib: C:\Users\Caleb\.mcreator\gradle\caches\modules-2\files-2.1\com.google.j2objc\j2objc-annotations\1.3\ba035118bc8bac37d7eff77700720999acd9986d\j2objc-annotations-1.3.jar
log: null
input: C:\Users\Caleb\MCreatorWorkspaces\doorscraft_legacy\build\devlibs\modid-1.0.jar
output: C:\Users\Caleb\MCreatorWorkspaces\doorscraft_legacy\build\libs\modid-1.0.jar
threads: 8
Names: C:\Users\Caleb\MCreatorWorkspaces\doorscraft_legacy\build\moddev\artifacts\namedToIntermediate.tsrg(reversed: false)
Fix Annotations: false
Unfinal Parameters: false
Fix Records: false
Fix Identifiers: false
Fix SourceFile: false
Fix Line Numbers: false
Strip codesigning signatures: ALL
Adding Libraries to Inheritance
Reading Input: C:\Users\Caleb\MCreatorWorkspaces\doorscraft_legacy\build\devlibs\modid-1.0.jar
Adding input to inheritance map
Processing entries
Conflicting propagated mapping for net/mcreator/doorscraftlegacy/block/DrawerBlock$1/createMenu(ILnet/minecraft/world/entity/player/Inventory;Lnet/minecraft/world/entity/player/Player;)Lnet/minecraft/world/inventory/AbstractContainerMenu; from net/minecraft/world/inventory/MenuConstructor/createMenu(ILnet/minecraft/world/entity/player/Inventory;Lnet/minecraft/world/entity/player/Player;)Lnet/minecraft/world/inventory/AbstractContainerMenu;: createMenu -> m_7208_
Conflicting propagated mapping for net/mcreator/doorscraftlegacy/block/DrawerBlock$1/getDisplayName()Lnet/minecraft/network/chat/Component; from net/minecraft/world/MenuProvider/getDisplayName()Lnet/minecraft/network/chat/Component;: getDisplayName -> m_5446_
Conflicting propagated mapping for net/mcreator/doorscraftlegacy/block/HotelBlockBlock/getLightBlock(Lnet/minecraft/world/level/block/state/BlockState;Lnet/minecraft/world/level/BlockGetter;Lnet/minecraft/core/BlockPos;)I from net/minecraft/world/level/block/state/BlockBehaviour/getLightBlock(Lnet/minecraft/world/level/block/state/BlockState;Lnet/minecraft/world/level/BlockGetter;Lnet/minecraft/core/BlockPos;)I: getLightBlock -> m_7753_
Conflicting propagated mapping for net/mcreator/doorscraftlegacy/block/ClosetDoorBlock/getLightBlock(Lnet/minecraft/world/level/block/state/BlockState;Lnet/minecraft/world/level/BlockGetter;Lnet/minecraft/core/BlockPos;)I from net/minecraft/world/level/block/state/BlockBehaviour/getLightBlock(Lnet/minecraft/world/level/block/state/BlockState;Lnet/minecraft/world/level/BlockGetter;Lnet/minecraft/core/BlockPos;)I: getLightBlock -> m_7753_
Conflicting propagated mapping for net/mcreator/doorscraftlegacy/block/DrawerBlock/onRemove(Lnet/minecraft/world/level/block/state/BlockState;Lnet/minecraft/world/level/Level;Lnet/minecraft/core/BlockPos;Lnet/minecraft/world/level/block/state/BlockState;Z)V from net/minecraft/world/level/block/state/BlockBehaviour/onRemove(Lnet/minecraft/world/level/block/state/BlockState;Lnet/minecraft/world/level/Level;Lnet/minecraft/core/BlockPos;Lnet/minecraft/world/level/block/state/BlockState;Z)V: onRemove -> m_6810_
Conflicting propagated mapping for net/mcreator/doorscraftlegacy/block/DrawerBlock/rotate(Lnet/minecraft/world/level/block/state/BlockState;Lnet/minecraft/world/level/block/Rotation;)Lnet/minecraft/world/level/block/state/BlockState; from net/minecraft/world/level/block/state/BlockBehaviour/rotate(Lnet/minecraft/world/level/block/state/BlockState;Lnet/minecraft/world/level/block/Rotation;)Lnet/minecraft/world/level/block/state/BlockState;: rotate -> m_6843_
Conflicting propagated mapping for net/mcreator/doorscraftlegacy/block/DrawerBlock/triggerEvent(Lnet/minecraft/world/level/block/state/BlockState;Lnet/minecraft/world/level/Level;Lnet/minecraft/core/BlockPos;II)Z from net/minecraft/world/level/block/state/BlockBehaviour/triggerEvent(Lnet/minecraft/world/level/block/state/BlockState;Lnet/minecraft/world/level/Level;Lnet/minecraft/core/BlockPos;II)Z: triggerEvent -> m_8133_
Conflicting propagated mapping for net/mcreator/doorscraftlegacy/block/DrawerBlock/getStateForPlacement(Lnet/minecraft/world/item/context/BlockPlaceContext;)Lnet/minecraft/world/level/block/state/BlockState; from net/minecraft/world/level/block/Block/getStateForPlacement(Lnet/minecraft/world/item/context/BlockPlaceContext;)Lnet/minecraft/world/level/block/state/BlockState;: getStateForPlacement -> m_5573_
Conflicting propagated mapping for net/mcreator/doorscraftlegacy/block/DoorRoomBlock/getLightBlock(Lnet/minecraft/world/level/block/state/BlockState;Lnet/minecraft/world/level/BlockGetter;Lnet/minecraft/core/BlockPos;)I from net/minecraft/world/level/block/state/BlockBehaviour/getLightBlock(Lnet/minecraft/world/level/block/state/BlockState;Lnet/minecraft/world/level/BlockGetter;Lnet/minecraft/core/BlockPos;)I: getLightBlock -> m_7753_
Conflicting propagated mapping for net/mcreator/doorscraftlegacy/block/DrawerBlock/getMenuProvider(Lnet/minecraft/world/level/block/state/BlockState;Lnet/minecraft/world/level/Level;Lnet/minecraft/core/BlockPos;)Lnet/minecraft/world/MenuProvider; from net/minecraft/world/level/block/state/BlockBehaviour/getMenuProvider(Lnet/minecraft/world/level/block/state/BlockState;Lnet/minecraft/world/level/Level;Lnet/minecraft/core/BlockPos;)Lnet/minecraft/world/MenuProvider;: getMenuProvider -> m_7246_
Conflicting propagated mapping for net/mcreator/doorscraftlegacy/block/DrawerBlock/getAnalogOutputSignal(Lnet/minecraft/world/level/block/state/BlockState;Lnet/minecraft/world/level/Level;Lnet/minecraft/core/BlockPos;)I from net/minecraft/world/level/block/state/BlockBehaviour/getAnalogOutputSignal(Lnet/minecraft/world/level/block/state/BlockState;Lnet/minecraft/world/level/Level;Lnet/minecraft/core/BlockPos;)I: getAnalogOutputSignal -> m_6782_
Conflicting propagated mapping for net/mcreator/doorscraftlegacy/block/DrawerBlock/mirror(Lnet/minecraft/world/level/block/state/BlockState;Lnet/minecraft/world/level/block/Mirror;)Lnet/minecraft/world/level/block/state/BlockState; from net/minecraft/world/level/block/state/BlockBehaviour/mirror(Lnet/minecraft/world/level/block/state/BlockState;Lnet/minecraft/world/level/block/Mirror;)Lnet/minecraft/world/level/block/state/BlockState;: mirror -> m_6943_
Conflicting propagated mapping for net/mcreator/doorscraftlegacy/block/DrawerBlock/getLightBlock(Lnet/minecraft/world/level/block/state/BlockState;Lnet/minecraft/world/level/BlockGetter;Lnet/minecraft/core/BlockPos;)I from net/minecraft/world/level/block/state/BlockBehaviour/getLightBlock(Lnet/minecraft/world/level/block/state/BlockState;Lnet/minecraft/world/level/BlockGetter;Lnet/minecraft/core/BlockPos;)I: getLightBlock -> m_7753_
Conflicting propagated mapping for net/mcreator/doorscraftlegacy/block/DrawerBlock/hasAnalogOutputSignal(Lnet/minecraft/world/level/block/state/BlockState;)Z from net/minecraft/world/level/block/state/BlockBehaviour/hasAnalogOutputSignal(Lnet/minecraft/world/level/block/state/BlockState;)Z: hasAnalogOutputSignal -> m_7278_
Conflicting propagated mapping for net/mcreator/doorscraftlegacy/block/DrawerBlock/createBlockStateDefinition(Lnet/minecraft/world/level/block/state/StateDefinition$Builder;)V from net/minecraft/world/level/block/Block/createBlockStateDefinition(Lnet/minecraft/world/level/block/state/StateDefinition$Builder;)V: createBlockStateDefinition -> m_7926_
Conflicting propagated mapping for net/mcreator/doorscraftlegacy/block/DrawerBlock/use(Lnet/minecraft/world/level/block/state/BlockState;Lnet/minecraft/world/level/Level;Lnet/minecraft/core/BlockPos;Lnet/minecraft/world/entity/player/Player;Lnet/minecraft/world/InteractionHand;Lnet/minecraft/world/phys/BlockHitResult;)Lnet/minecraft/world/InteractionResult; from net/minecraft/world/level/block/state/BlockBehaviour/use(Lnet/minecraft/world/level/block/state/BlockState;Lnet/minecraft/world/level/Level;Lnet/minecraft/core/BlockPos;Lnet/minecraft/world/entity/player/Player;Lnet/minecraft/world/InteractionHand;Lnet/minecraft/world/phys/BlockHitResult;)Lnet/minecraft/world/InteractionResult;: use -> m_6227_
Conflicting propagated mapping for net/mcreator/doorscraftlegacy/block/DrawerBlock/newBlockEntity(Lnet/minecraft/core/BlockPos;Lnet/minecraft/world/level/block/state/BlockState;)Lnet/minecraft/world/level/block/entity/BlockEntity; from net/minecraft/world/level/block/EntityBlock/newBlockEntity(Lnet/minecraft/core/BlockPos;Lnet/minecraft/world/level/block/state/BlockState;)Lnet/minecraft/world/level/block/entity/BlockEntity;: newBlockEntity -> m_142194_
Conflicting propagated mapping for net/mcreator/doorscraftlegacy/block/entity/RiftBlockEntity/getUpdateTag()Lnet/minecraft/nbt/CompoundTag; from net/minecraft/world/level/block/entity/BlockEntity/getUpdateTag()Lnet/minecraft/nbt/CompoundTag;: getUpdateTag -> m_5995_
Conflicting propagated mapping for net/mcreator/doorscraftlegacy/block/entity/RiftBlockEntity/load(Lnet/minecraft/nbt/CompoundTag;)V from net/minecraft/world/level/block/entity/BaseContainerBlockEntity/load(Lnet/minecraft/nbt/CompoundTag;)V: load -> m_142466_
Conflicting propagated mapping for net/mcreator/doorscraftlegacy/block/entity/RiftBlockEntity/isEmpty()Z from net/minecraft/world/level/block/entity/RandomizableContainerBlockEntity/isEmpty()Z: isEmpty -> m_7983_
Conflicting propagated mapping for net/mcreator/doorscraftlegacy/block/entity/RiftBlockEntity/getUpdatePacket()Lnet/minecraft/network/protocol/Packet; from net/minecraft/world/level/block/entity/BlockEntity/getUpdatePacket()Lnet/minecraft/network/protocol/Packet;: getUpdatePacket -> m_58483_
Conflicting propagated mapping for net/mcreator/doorscraftlegacy/block/entity/RiftBlockEntity/saveAdditional(Lnet/minecraft/nbt/CompoundTag;)V from net/minecraft/world/level/block/entity/BaseContainerBlockEntity/saveAdditional(Lnet/minecraft/nbt/CompoundTag;)V: saveAdditional -> m_183515_
Conflicting propagated mapping for net/mcreator/doorscraftlegacy/block/entity/RiftBlockEntity/canPlaceItem(ILnet/minecraft/world/item/ItemStack;)Z from net/minecraft/world/Container/canPlaceItem(ILnet/minecraft/world/item/ItemStack;)Z: canPlaceItem -> m_7013_
Conflicting propagated mapping for net/mcreator/doorscraftlegacy/block/entity/RiftBlockEntity/getDefaultName()Lnet/minecraft/network/chat/Component; from net/minecraft/world/level/block/entity/BaseContainerBlockEntity/getDefaultName()Lnet/minecraft/network/chat/Component;: getDefaultName -> m_6820_
Conflicting propagated mapping for net/mcreator/doorscraftlegacy/block/entity/RiftBlockEntity/getContainerSize()I from net/minecraft/world/Container/getContainerSize()I: getContainerSize -> m_6643_
Conflicting propagated mapping for net/mcreator/doorscraftlegacy/block/ClosetSideBlock/getLightBlock(Lnet/minecraft/world/level/block/state/BlockState;Lnet/minecraft/world/level/BlockGetter;Lnet/minecraft/core/BlockPos;)I from net/minecraft/world/level/block/state/BlockBehaviour/getLightBlock(Lnet/minecraft/world/level/block/state/BlockState;Lnet/minecraft/world/level/BlockGetter;Lnet/minecraft/core/BlockPos;)I: getLightBlock -> m_7753_
Conflicting propagated mapping for net/mcreator/doorscraftlegacy/block/entity/DrawerBlockEntity/getUpdateTag()Lnet/minecraft/nbt/CompoundTag; from net/minecraft/world/level/block/entity/BlockEntity/getUpdateTag()Lnet/minecraft/nbt/CompoundTag;: getUpdateTag -> m_5995_
Conflicting propagated mapping for net/mcreator/doorscraftlegacy/block/entity/DrawerBlockEntity/load(Lnet/minecraft/nbt/CompoundTag;)V from net/minecraft/world/level/block/entity/BaseContainerBlockEntity/load(Lnet/minecraft/nbt/CompoundTag;)V: load -> m_142466_
Conflicting propagated mapping for net/mcreator/doorscraftlegacy/block/entity/RiftBlockEntity/getItems()Lnet/minecraft/core/NonNullList; from net/minecraft/world/level/block/entity/RandomizableContainerBlockEntity/getItems()Lnet/minecraft/core/NonNullList;: getItems -> m_7086_
Conflicting propagated mapping for net/mcreator/doorscraftlegacy/block/entity/RiftBlockEntity/createMenu(ILnet/minecraft/world/entity/player/Inventory;)Lnet/minecraft/world/inventory/AbstractContainerMenu; from net/minecraft/world/level/block/entity/BaseContainerBlockEntity/createMenu(ILnet/minecraft/world/entity/player/Inventory;)Lnet/minecraft/world/inventory/AbstractContainerMenu;: createMenu -> m_6555_
Conflicting propagated mapping for net/mcreator/doorscraftlegacy/block/entity/RiftBlockEntity/setItems(Lnet/minecraft/core/NonNullList;)V from net/minecraft/world/level/block/entity/RandomizableContainerBlockEntity/setItems(Lnet/minecraft/core/NonNullList;)V: setItems -> m_6520_
Conflicting propagated mapping for net/mcreator/doorscraftlegacy/block/entity/DrawerBlockEntity/isEmpty()Z from net/minecraft/world/level/block/entity/RandomizableContainerBlockEntity/isEmpty()Z: isEmpty -> m_7983_
Conflicting propagated mapping for net/mcreator/doorscraftlegacy/block/entity/DrawerBlockEntity/getUpdatePacket()Lnet/minecraft/network/protocol/Packet; from net/minecraft/world/level/block/entity/BlockEntity/getUpdatePacket()Lnet/minecraft/network/protocol/Packet;: getUpdatePacket -> m_58483_
Conflicting propagated mapping for net/mcreator/doorscraftlegacy/block/entity/DrawerBlockEntity/saveAdditional(Lnet/minecraft/nbt/CompoundTag;)V from net/minecraft/world/level/block/entity/BaseContainerBlockEntity/saveAdditional(Lnet/minecraft/nbt/CompoundTag;)V: saveAdditional -> m_183515_
Conflicting propagated mapping for net/mcreator/doorscraftlegacy/block/entity/DrawerBlockEntity/canPlaceItem(ILnet/minecraft/world/item/ItemStack;)Z from net/minecraft/world/Container/canPlaceItem(ILnet/minecraft/world/item/ItemStack;)Z: canPlaceItem -> m_7013_
Conflicting propagated mapping for net/mcreator/doorscraftlegacy/block/entity/DrawerBlockEntity/getDefaultName()Lnet/minecraft/network/chat/Component; from net/minecraft/world/level/block/entity/BaseContainerBlockEntity/getDefaultName()Lnet/minecraft/network/chat/Component;: getDefaultName -> m_6820_
Conflicting propagated mapping for net/mcreator/doorscraftlegacy/block/entity/DrawerBlockEntity/getContainerSize()I from net/minecraft/world/Container/getContainerSize()I: getContainerSize -> m_6643_
Conflicting propagated mapping for net/mcreator/doorscraftlegacy/block/entity/DrawerBlockEntity/getItems()Lnet/minecraft/core/NonNullList; from net/minecraft/world/level/block/entity/RandomizableContainerBlockEntity/getItems()Lnet/minecraft/core/NonNullList;: getItems -> m_7086_
Conflicting propagated mapping for net/mcreator/doorscraftlegacy/block/entity/DrawerBlockEntity/createMenu(ILnet/minecraft/world/entity/player/Inventory;)Lnet/minecraft/world/inventory/AbstractContainerMenu; from net/minecraft/world/level/block/entity/BaseContainerBlockEntity/createMenu(ILnet/minecraft/world/entity/player/Inventory;)Lnet/minecraft/world/inventory/AbstractContainerMenu;: createMenu -> m_6555_
Conflicting propagated mapping for net/mcreator/doorscraftlegacy/block/entity/DrawerBlockEntity/setItems(Lnet/minecraft/core/NonNullList;)V from net/minecraft/world/level/block/entity/RandomizableContainerBlockEntity/setItems(Lnet/minecraft/core/NonNullList;)V: setItems -> m_6520_
Conflicting propagated mapping for net/mcreator/doorscraftlegacy/block/entity/DrawerBlockEntity/setRemoved()V from net/minecraft/world/level/block/entity/BlockEntity/setRemoved()V: setRemoved -> m_7651_
Conflicting propagated mapping for net/mcreator/doorscraftlegacy/block/entity/DrawerBlockEntity/getMaxStackSize()I from net/minecraft/world/Container/getMaxStackSize()I: getMaxStackSize -> m_6893_
Conflicting propagated mapping for net/mcreator/doorscraftlegacy/block/entity/DrawerBlockEntity/getDisplayName()Lnet/minecraft/network/chat/Component; from net/minecraft/world/level/block/entity/BaseContainerBlockEntity/getDisplayName()Lnet/minecraft/network/chat/Component;: getDisplayName -> m_5446_
Conflicting propagated mapping for net/mcreator/doorscraftlegacy/block/entity/DrawerBlockEntity/canPlaceItemThroughFace(ILnet/minecraft/world/item/ItemStack;Lnet/minecraft/core/Direction;)Z from net/minecraft/world/WorldlyContainer/canPlaceItemThroughFace(ILnet/minecraft/world/item/ItemStack;Lnet/minecraft/core/Direction;)Z: canPlaceItemThroughFace -> m_7155_
Conflicting propagated mapping for net/mcreator/doorscraftlegacy/block/entity/DrawerBlockEntity/getSlotsForFace(Lnet/minecraft/core/Direction;)[I from net/minecraft/world/WorldlyContainer/getSlotsForFace(Lnet/minecraft/core/Direction;)[I: getSlotsForFace -> m_7071_
Conflicting propagated mapping for net/mcreator/doorscraftlegacy/block/entity/DrawerBlockEntity/canTakeItemThroughFace(ILnet/minecraft/world/item/ItemStack;Lnet/minecraft/core/Direction;)Z from net/minecraft/world/WorldlyContainer/canTakeItemThroughFace(ILnet/minecraft/world/item/ItemStack;Lnet/minecraft/core/Direction;)Z: canTakeItemThroughFace -> m_7157_
Conflicting propagated mapping for net/mcreator/doorscraftlegacy/block/entity/RiftBlockEntity/setRemoved()V from net/minecraft/world/level/block/entity/BlockEntity/setRemoved()V: setRemoved -> m_7651_
Conflicting propagated mapping for net/mcreator/doorscraftlegacy/block/entity/RiftBlockEntity/getMaxStackSize()I from net/minecraft/world/Container/getMaxStackSize()I: getMaxStackSize -> m_6893_
Conflicting propagated mapping for net/mcreator/doorscraftlegacy/block/entity/RiftBlockEntity/getDisplayName()Lnet/minecraft/network/chat/Component; from net/minecraft/world/level/block/entity/BaseContainerBlockEntity/getDisplayName()Lnet/minecraft/network/chat/Component;: getDisplayName -> m_5446_
Conflicting propagated mapping for net/mcreator/doorscraftlegacy/block/entity/RiftBlockEntity/canPlaceItemThroughFace(ILnet/minecraft/world/item/ItemStack;Lnet/minecraft/core/Direction;)Z from net/minecraft/world/WorldlyContainer/canPlaceItemThroughFace(ILnet/minecraft/world/item/ItemStack;Lnet/minecraft/core/Direction;)Z: canPlaceItemThroughFace -> m_7155_
Conflicting propagated mapping for net/mcreator/doorscraftlegacy/block/entity/RiftBlockEntity/getSlotsForFace(Lnet/minecraft/core/Direction;)[I from net/minecraft/world/WorldlyContainer/getSlotsForFace(Lnet/minecraft/core/Direction;)[I: getSlotsForFace -> m_7071_
Conflicting propagated mapping for net/mcreator/doorscraftlegacy/block/entity/RiftBlockEntity/canTakeItemThroughFace(ILnet/minecraft/world/item/ItemStack;Lnet/minecraft/core/Direction;)Z from net/minecraft/world/WorldlyContainer/canTakeItemThroughFace(ILnet/minecraft/world/item/ItemStack;Lnet/minecraft/core/Direction;)Z: canTakeItemThroughFace -> m_7157_
Conflicting propagated mapping for net/mcreator/doorscraftlegacy/block/RiftBlock$1/createMenu(ILnet/minecraft/world/entity/player/Inventory;Lnet/minecraft/world/entity/player/Player;)Lnet/minecraft/world/inventory/AbstractContainerMenu; from net/minecraft/world/inventory/MenuConstructor/createMenu(ILnet/minecraft/world/entity/player/Inventory;Lnet/minecraft/world/entity/player/Player;)Lnet/minecraft/world/inventory/AbstractContainerMenu;: createMenu -> m_7208_
Conflicting propagated mapping for net/mcreator/doorscraftlegacy/block/RiftBlock/onRemove(Lnet/minecraft/world/level/block/state/BlockState;Lnet/minecraft/world/level/Level;Lnet/minecraft/core/BlockPos;Lnet/minecraft/world/level/block/state/BlockState;Z)V from net/minecraft/world/level/block/state/BlockBehaviour/onRemove(Lnet/minecraft/world/level/block/state/BlockState;Lnet/minecraft/world/level/Level;Lnet/minecraft/core/BlockPos;Lnet/minecraft/world/level/block/state/BlockState;Z)V: onRemove -> m_6810_
Conflicting propagated mapping for net/mcreator/doorscraftlegacy/block/RiftBlock/triggerEvent(Lnet/minecraft/world/level/block/state/BlockState;Lnet/minecraft/world/level/Level;Lnet/minecraft/core/BlockPos;II)Z from net/minecraft/world/level/block/state/BlockBehaviour/triggerEvent(Lnet/minecraft/world/level/block/state/BlockState;Lnet/minecraft/world/level/Level;Lnet/minecraft/core/BlockPos;II)Z: triggerEvent -> m_8133_
Conflicting propagated mapping for net/mcreator/doorscraftlegacy/block/RiftBlock$1/getDisplayName()Lnet/minecraft/network/chat/Component; from net/minecraft/world/MenuProvider/getDisplayName()Lnet/minecraft/network/chat/Component;: getDisplayName -> m_5446_
Conflicting propagated mapping for net/mcreator/doorscraftlegacy/block/RiftBlock/getMenuProvider(Lnet/minecraft/world/level/block/state/BlockState;Lnet/minecraft/world/level/Level;Lnet/minecraft/core/BlockPos;)Lnet/minecraft/world/MenuProvider; from net/minecraft/world/level/block/state/BlockBehaviour/getMenuProvider(Lnet/minecraft/world/level/block/state/BlockState;Lnet/minecraft/world/level/Level;Lnet/minecraft/core/BlockPos;)Lnet/minecraft/world/MenuProvider;: getMenuProvider -> m_7246_
Conflicting propagated mapping for net/mcreator/doorscraftlegacy/block/RiftBlock/getAnalogOutputSignal(Lnet/minecraft/world/level/block/state/BlockState;Lnet/minecraft/world/level/Level;Lnet/minecraft/core/BlockPos;)I from net/minecraft/world/level/block/state/BlockBehaviour/getAnalogOutputSignal(Lnet/minecraft/world/level/block/state/BlockState;Lnet/minecraft/world/level/Level;Lnet/minecraft/core/BlockPos;)I: getAnalogOutputSignal -> m_6782_
Conflicting propagated mapping for net/mcreator/doorscraftlegacy/block/RiftBlock/getLightBlock(Lnet/minecraft/world/level/block/state/BlockState;Lnet/minecraft/world/level/BlockGetter;Lnet/minecraft/core/BlockPos;)I from net/minecraft/world/level/block/state/BlockBehaviour/getLightBlock(Lnet/minecraft/world/level/block/state/BlockState;Lnet/minecraft/world/level/BlockGetter;Lnet/minecraft/core/BlockPos;)I: getLightBlock -> m_7753_
Conflicting propagated mapping for net/mcreator/doorscraftlegacy/block/RiftBlock/hasAnalogOutputSignal(Lnet/minecraft/world/level/block/state/BlockState;)Z from net/minecraft/world/level/block/state/BlockBehaviour/hasAnalogOutputSignal(Lnet/minecraft/world/level/block/state/BlockState;)Z: hasAnalogOutputSignal -> m_7278_
Conflicting propagated mapping for net/mcreator/doorscraftlegacy/block/RiftBlock/use(Lnet/minecraft/world/level/block/state/BlockState;Lnet/minecraft/world/level/Level;Lnet/minecraft/core/BlockPos;Lnet/minecraft/world/entity/player/Player;Lnet/minecraft/world/InteractionHand;Lnet/minecraft/world/phys/BlockHitResult;)Lnet/minecraft/world/InteractionResult; from net/minecraft/world/level/block/state/BlockBehaviour/use(Lnet/minecraft/world/level/block/state/BlockState;Lnet/minecraft/world/level/Level;Lnet/minecraft/core/BlockPos;Lnet/minecraft/world/entity/player/Player;Lnet/minecraft/world/InteractionHand;Lnet/minecraft/world/phys/BlockHitResult;)Lnet/minecraft/world/InteractionResult;: use -> m_6227_
Conflicting propagated mapping for net/mcreator/doorscraftlegacy/block/RiftBlock/newBlockEntity(Lnet/minecraft/core/BlockPos;Lnet/minecraft/world/level/block/state/BlockState;)Lnet/minecraft/world/level/block/entity/BlockEntity; from net/minecraft/world/level/block/EntityBlock/newBlockEntity(Lnet/minecraft/core/BlockPos;Lnet/minecraft/world/level/block/state/BlockState;)Lnet/minecraft/world/level/block/entity/BlockEntity;: newBlockEntity -> m_142194_
Conflicting propagated mapping for net/mcreator/doorscraftlegacy/block/SkeletonLockBlock/rotate(Lnet/minecraft/world/level/block/state/BlockState;Lnet/minecraft/world/level/block/Rotation;)Lnet/minecraft/world/level/block/state/BlockState; from net/minecraft/world/level/block/state/BlockBehaviour/rotate(Lnet/minecraft/world/level/block/state/BlockState;Lnet/minecraft/world/level/block/Rotation;)Lnet/minecraft/world/level/block/state/BlockState;: rotate -> m_6843_
Conflicting propagated mapping for net/mcreator/doorscraftlegacy/block/SkeletonLockBlock/getStateForPlacement(Lnet/minecraft/world/item/context/BlockPlaceContext;)Lnet/minecraft/world/level/block/state/BlockState; from net/minecraft/world/level/block/Block/getStateForPlacement(Lnet/minecraft/world/item/context/BlockPlaceContext;)Lnet/minecraft/world/level/block/state/BlockState;: getStateForPlacement -> m_5573_
Conflicting propagated mapping for net/mcreator/doorscraftlegacy/block/SkeletonLockBlock/mirror(Lnet/minecraft/world/level/block/state/BlockState;Lnet/minecraft/world/level/block/Mirror;)Lnet/minecraft/world/level/block/state/BlockState; from net/minecraft/world/level/block/state/BlockBehaviour/mirror(Lnet/minecraft/world/level/block/state/BlockState;Lnet/minecraft/world/level/block/Mirror;)Lnet/minecraft/world/level/block/state/BlockState;: mirror -> m_6943_
Conflicting propagated mapping for net/mcreator/doorscraftlegacy/block/SkeletonLockBlock/getLightBlock(Lnet/minecraft/world/level/block/state/BlockState;Lnet/minecraft/world/level/BlockGetter;Lnet/minecraft/core/BlockPos;)I from net/minecraft/world/level/block/state/BlockBehaviour/getLightBlock(Lnet/minecraft/world/level/block/state/BlockState;Lnet/minecraft/world/level/BlockGetter;Lnet/minecraft/core/BlockPos;)I: getLightBlock -> m_7753_
Conflicting propagated mapping for net/mcreator/doorscraftlegacy/block/SkeletonLockBlock/createBlockStateDefinition(Lnet/minecraft/world/level/block/state/StateDefinition$Builder;)V from net/minecraft/world/level/block/Block/createBlockStateDefinition(Lnet/minecraft/world/level/block/state/StateDefinition$Builder;)V: createBlockStateDefinition -> m_7926_
Conflicting propagated mapping for net/mcreator/doorscraftlegacy/world/inventory/TestMenu/moveItemStackTo(Lnet/minecraft/world/item/ItemStack;IIZ)Z from net/minecraft/world/inventory/AbstractContainerMenu/moveItemStackTo(Lnet/minecraft/world/item/ItemStack;IIZ)Z: moveItemStackTo -> m_38903_
Conflicting propagated mapping for net/mcreator/doorscraftlegacy/world/inventory/TestMenu/removed(Lnet/minecraft/world/entity/player/Player;)V from net/minecraft/world/inventory/AbstractContainerMenu/removed(Lnet/minecraft/world/entity/player/Player;)V: removed -> m_6877_
Conflicting propagated mapping for net/mcreator/doorscraftlegacy/world/inventory/TestMenu/stillValid(Lnet/minecraft/world/entity/player/Player;)Z from net/minecraft/world/inventory/AbstractContainerMenu/stillValid(Lnet/minecraft/world/entity/player/Player;)Z: stillValid -> m_6875_
Conflicting propagated mapping for net/mcreator/doorscraftlegacy/world/inventory/TestMenu/quickMoveStack(Lnet/minecraft/world/entity/player/Player;I)Lnet/minecraft/world/item/ItemStack; from net/minecraft/world/inventory/AbstractContainerMenu/quickMoveStack(Lnet/minecraft/world/entity/player/Player;I)Lnet/minecraft/world/item/ItemStack;: quickMoveStack -> m_7648_
Conflicting propagated mapping for net/mcreator/doorscraftlegacy/world/inventory/RiftStorageMenu/moveItemStackTo(Lnet/minecraft/world/item/ItemStack;IIZ)Z from net/minecraft/world/inventory/AbstractContainerMenu/moveItemStackTo(Lnet/minecraft/world/item/ItemStack;IIZ)Z: moveItemStackTo -> m_38903_
Conflicting propagated mapping for net/mcreator/doorscraftlegacy/world/inventory/RiftStorageMenu/removed(Lnet/minecraft/world/entity/player/Player;)V from net/minecraft/world/inventory/AbstractContainerMenu/removed(Lnet/minecraft/world/entity/player/Player;)V: removed -> m_6877_
Conflicting propagated mapping for net/mcreator/doorscraftlegacy/world/inventory/RiftStorageMenu/stillValid(Lnet/minecraft/world/entity/player/Player;)Z from net/minecraft/world/inventory/AbstractContainerMenu/stillValid(Lnet/minecraft/world/entity/player/Player;)Z: stillValid -> m_6875_
Conflicting propagated mapping for net/mcreator/doorscraftlegacy/world/inventory/RiftStorageMenu/quickMoveStack(Lnet/minecraft/world/entity/player/Player;I)Lnet/minecraft/world/item/ItemStack; from net/minecraft/world/inventory/AbstractContainerMenu/quickMoveStack(Lnet/minecraft/world/entity/player/Player;I)Lnet/minecraft/world/item/ItemStack;: quickMoveStack -> m_7648_
Conflicting propagated mapping for net/minecraft/world/entity/LivingEntity/lambda$addAdditionalSaveData$3(Lnet/minecraft/nbt/CompoundTag;Lnet/minecraft/nbt/Tag;)V from net/minecraft/world/entity/player/Player/lambda$addAdditionalSaveData$3(Lnet/minecraft/nbt/CompoundTag;Lnet/minecraft/nbt/Tag;)V: lambda$addAdditionalSaveData$3 -> m_219754_
Conflicting propagated mapping for net/mcreator/doorscraftlegacy/client/gui/RiftStorageScreen/keyPressed(III)Z from net/minecraft/client/gui/screens/inventory/AbstractContainerScreen/keyPressed(III)Z: keyPressed -> m_7933_
Conflicting propagated mapping for net/mcreator/doorscraftlegacy/client/gui/RiftStorageScreen/render(Lnet/minecraft/client/gui/GuiGraphics;IIF)V from net/minecraft/client/gui/screens/inventory/AbstractContainerScreen/render(Lnet/minecraft/client/gui/GuiGraphics;IIF)V: render -> m_88315_
Conflicting propagated mapping for net/mcreator/doorscraftlegacy/client/gui/RiftStorageScreen/init()V from net/minecraft/client/gui/screens/inventory/AbstractContainerScreen/init()V: init -> m_7856_
Conflicting propagated mapping for net/mcreator/doorscraftlegacy/client/gui/RiftStorageScreen/renderLabels(Lnet/minecraft/client/gui/GuiGraphics;II)V from net/minecraft/client/gui/screens/inventory/AbstractContainerScreen/renderLabels(Lnet/minecraft/client/gui/GuiGraphics;II)V: renderLabels -> m_280003_
Conflicting propagated mapping for net/mcreator/doorscraftlegacy/client/gui/RiftStorageScreen/renderBg(Lnet/minecraft/client/gui/GuiGraphics;FII)V from net/minecraft/client/gui/screens/inventory/AbstractContainerScreen/renderBg(Lnet/minecraft/client/gui/GuiGraphics;FII)V: renderBg -> m_7286_
Conflicting propagated mapping for net/mcreator/doorscraftlegacy/client/gui/TestScreen/keyPressed(III)Z from net/minecraft/client/gui/screens/inventory/AbstractContainerScreen/keyPressed(III)Z: keyPressed -> m_7933_
Conflicting propagated mapping for net/mcreator/doorscraftlegacy/client/gui/TestScreen/isPauseScreen()Z from net/minecraft/client/gui/screens/inventory/AbstractContainerScreen/isPauseScreen()Z: isPauseScreen -> m_7043_
Conflicting propagated mapping for net/mcreator/doorscraftlegacy/client/gui/TestScreen/render(Lnet/minecraft/client/gui/GuiGraphics;IIF)V from net/minecraft/client/gui/screens/inventory/AbstractContainerScreen/render(Lnet/minecraft/client/gui/GuiGraphics;IIF)V: render -> m_88315_
Conflicting propagated mapping for net/mcreator/doorscraftlegacy/client/gui/TestScreen/init()V from net/minecraft/client/gui/screens/inventory/AbstractContainerScreen/init()V: init -> m_7856_
Conflicting propagated mapping for net/mcreator/doorscraftlegacy/client/gui/TestScreen/renderLabels(Lnet/minecraft/client/gui/GuiGraphics;II)V from net/minecraft/client/gui/screens/inventory/AbstractContainerScreen/renderLabels(Lnet/minecraft/client/gui/GuiGraphics;II)V: renderLabels -> m_280003_
Conflicting propagated mapping for net/mcreator/doorscraftlegacy/client/gui/TestScreen/renderBg(Lnet/minecraft/client/gui/GuiGraphics;FII)V from net/minecraft/client/gui/screens/inventory/AbstractContainerScreen/renderBg(Lnet/minecraft/client/gui/GuiGraphics;FII)V: renderBg -> m_7286_
Conflicting propagated mapping for net/mcreator/doorscraftlegacy/client/renderer/AmbushRenderer/getTextureLocation(Lnet/minecraft/world/entity/Entity;)Lnet/minecraft/resources/ResourceLocation; from net/minecraft/client/renderer/entity/EntityRenderer/getTextureLocation(Lnet/minecraft/world/entity/Entity;)Lnet/minecraft/resources/ResourceLocation;: getTextureLocation -> m_5478_
Conflicting propagated mapping for net/mcreator/doorscraftlegacy/client/renderer/FigureRenderer/getTextureLocation(Lnet/minecraft/world/entity/Entity;)Lnet/minecraft/resources/ResourceLocation; from net/minecraft/client/renderer/entity/EntityRenderer/getTextureLocation(Lnet/minecraft/world/entity/Entity;)Lnet/minecraft/resources/ResourceLocation;: getTextureLocation -> m_5478_
Conflicting propagated mapping for net/mcreator/doorscraftlegacy/entity/AmbushEntity/getHurtSound(Lnet/minecraft/world/damagesource/DamageSource;)Lnet/minecraft/sounds/SoundEvent; from net/minecraft/world/entity/monster/Monster/getHurtSound(Lnet/minecraft/world/damagesource/DamageSource;)Lnet/minecraft/sounds/SoundEvent;: getHurtSound -> m_7975_
Conflicting propagated mapping for net/mcreator/doorscraftlegacy/entity/AmbushEntity/getAddEntityPacket()Lnet/minecraft/network/protocol/Packet; from net/minecraft/world/entity/Entity/getAddEntityPacket()Lnet/minecraft/network/protocol/Packet;: getAddEntityPacket -> m_5654_
Conflicting propagated mapping for net/mcreator/doorscraftlegacy/entity/AmbushEntity/getDeathSound()Lnet/minecraft/sounds/SoundEvent; from net/minecraft/world/entity/monster/Monster/getDeathSound()Lnet/minecraft/sounds/SoundEvent;: getDeathSound -> m_5592_
Conflicting propagated mapping for net/mcreator/doorscraftlegacy/entity/AmbushEntity/getMobType()Lnet/minecraft/world/entity/MobType; from net/minecraft/world/entity/LivingEntity/getMobType()Lnet/minecraft/world/entity/MobType;: getMobType -> m_6336_
Conflicting propagated mapping for net/mcreator/doorscraftlegacy/entity/FigureEntity/getHurtSound(Lnet/minecraft/world/damagesource/DamageSource;)Lnet/minecraft/sounds/SoundEvent; from net/minecraft/world/entity/monster/Monster/getHurtSound(Lnet/minecraft/world/damagesource/DamageSource;)Lnet/minecraft/sounds/SoundEvent;: getHurtSound -> m_7975_
Conflicting propagated mapping for net/mcreator/doorscraftlegacy/entity/AmbushEntity/registerGoals()V from net/minecraft/world/entity/Mob/registerGoals()V: registerGoals -> m_8099_
Conflicting propagated mapping for net/mcreator/doorscraftlegacy/client/renderer/RushRenderer/getTextureLocation(Lnet/minecraft/world/entity/Entity;)Lnet/minecraft/resources/ResourceLocation; from net/minecraft/client/renderer/entity/EntityRenderer/getTextureLocation(Lnet/minecraft/world/entity/Entity;)Lnet/minecraft/resources/ResourceLocation;: getTextureLocation -> m_5478_
Conflicting propagated mapping for net/mcreator/doorscraftlegacy/entity/AmbushEntity/getMyRidingOffset()D from net/minecraft/world/entity/Entity/getMyRidingOffset()D: getMyRidingOffset -> m_6049_
Conflicting propagated mapping for net/mcreator/doorscraftlegacy/entity/RushEntity/getHurtSound(Lnet/minecraft/world/damagesource/DamageSource;)Lnet/minecraft/sounds/SoundEvent; from net/minecraft/world/entity/monster/Monster/getHurtSound(Lnet/minecraft/world/damagesource/DamageSource;)Lnet/minecraft/sounds/SoundEvent;: getHurtSound -> m_7975_
Conflicting propagated mapping for net/mcreator/doorscraftlegacy/entity/FigureEntity/getAddEntityPacket()Lnet/minecraft/network/protocol/Packet; from net/minecraft/world/entity/Entity/getAddEntityPacket()Lnet/minecraft/network/protocol/Packet;: getAddEntityPacket -> m_5654_
Conflicting propagated mapping for net/mcreator/doorscraftlegacy/entity/FigureEntity/getDeathSound()Lnet/minecraft/sounds/SoundEvent; from net/minecraft/world/entity/monster/Monster/getDeathSound()Lnet/minecraft/sounds/SoundEvent;: getDeathSound -> m_5592_
Conflicting propagated mapping for net/mcreator/doorscraftlegacy/entity/RushEntity/getAddEntityPacket()Lnet/minecraft/network/protocol/Packet; from net/minecraft/world/entity/Entity/getAddEntityPacket()Lnet/minecraft/network/protocol/Packet;: getAddEntityPacket -> m_5654_
Conflicting propagated mapping for net/mcreator/doorscraftlegacy/entity/FigureEntity/ignoreExplosion()Z from net/minecraft/world/entity/Entity/ignoreExplosion()Z: ignoreExplosion -> m_6128_
Conflicting propagated mapping for net/mcreator/doorscraftlegacy/client/renderer/SeekRenderer/getTextureLocation(Lnet/minecraft/world/entity/Entity;)Lnet/minecraft/resources/ResourceLocation; from net/minecraft/client/renderer/entity/EntityRenderer/getTextureLocation(Lnet/minecraft/world/entity/Entity;)Lnet/minecraft/resources/ResourceLocation;: getTextureLocation -> m_5478_
Conflicting propagated mapping for net/mcreator/doorscraftlegacy/entity/RushEntity/getDeathSound()Lnet/minecraft/sounds/SoundEvent; from net/minecraft/world/entity/monster/Monster/getDeathSound()Lnet/minecraft/sounds/SoundEvent;: getDeathSound -> m_5592_
Conflicting propagated mapping for net/mcreator/doorscraftlegacy/entity/FigureEntity/getAmbientSound()Lnet/minecraft/sounds/SoundEvent; from net/minecraft/world/entity/Mob/getAmbientSound()Lnet/minecraft/sounds/SoundEvent;: getAmbientSound -> m_7515_
Conflicting propagated mapping for net/mcreator/doorscraftlegacy/entity/RushEntity/ignoreExplosion()Z from net/minecraft/world/entity/Entity/ignoreExplosion()Z: ignoreExplosion -> m_6128_
Conflicting propagated mapping for net/mcreator/doorscraftlegacy/entity/FigureEntity/hurt(Lnet/minecraft/world/damagesource/DamageSource;F)Z from net/minecraft/world/entity/LivingEntity/hurt(Lnet/minecraft/world/damagesource/DamageSource;F)Z: hurt -> m_6469_
Conflicting propagated mapping for net/mcreator/doorscraftlegacy/entity/RushEntity/hurt(Lnet/minecraft/world/damagesource/DamageSource;F)Z from net/minecraft/world/entity/LivingEntity/hurt(Lnet/minecraft/world/damagesource/DamageSource;F)Z: hurt -> m_6469_
Conflicting propagated mapping for net/mcreator/doorscraftlegacy/entity/SeekEntity/getHurtSound(Lnet/minecraft/world/damagesource/DamageSource;)Lnet/minecraft/sounds/SoundEvent; from net/minecraft/world/entity/monster/Monster/getHurtSound(Lnet/minecraft/world/damagesource/DamageSource;)Lnet/minecraft/sounds/SoundEvent;: getHurtSound -> m_7975_
Conflicting propagated mapping for net/mcreator/doorscraftlegacy/entity/RushEntity/getMobType()Lnet/minecraft/world/entity/MobType; from net/minecraft/world/entity/LivingEntity/getMobType()Lnet/minecraft/world/entity/MobType;: getMobType -> m_6336_
Conflicting propagated mapping for net/mcreator/doorscraftlegacy/entity/FigureEntity/getMobType()Lnet/minecraft/world/entity/MobType; from net/minecraft/world/entity/LivingEntity/getMobType()Lnet/minecraft/world/entity/MobType;: getMobType -> m_6336_
Conflicting propagated mapping for net/mcreator/doorscraftlegacy/entity/RushEntity/registerGoals()V from net/minecraft/world/entity/Mob/registerGoals()V: registerGoals -> m_8099_
Conflicting propagated mapping for net/mcreator/doorscraftlegacy/entity/FigureEntity/registerGoals()V from net/minecraft/world/entity/Mob/registerGoals()V: registerGoals -> m_8099_
Conflicting propagated mapping for net/mcreator/doorscraftlegacy/entity/FigureEntity/removeWhenFarAway(D)Z from net/minecraft/world/entity/Mob/removeWhenFarAway(D)Z: removeWhenFarAway -> m_6785_
Conflicting propagated mapping for net/mcreator/doorscraftlegacy/entity/SeekEntity/getAddEntityPacket()Lnet/minecraft/network/protocol/Packet; from net/minecraft/world/entity/Entity/getAddEntityPacket()Lnet/minecraft/network/protocol/Packet;: getAddEntityPacket -> m_5654_
Conflicting propagated mapping for net/mcreator/doorscraftlegacy/entity/SeekEntity/getDeathSound()Lnet/minecraft/sounds/SoundEvent; from net/minecraft/world/entity/monster/Monster/getDeathSound()Lnet/minecraft/sounds/SoundEvent;: getDeathSound -> m_5592_
Conflicting propagated mapping for net/mcreator/doorscraftlegacy/entity/FigureEntity/getMyRidingOffset()D from net/minecraft/world/entity/Entity/getMyRidingOffset()D: getMyRidingOffset -> m_6049_
Conflicting propagated mapping for net/mcreator/doorscraftlegacy/entity/RushEntity/getMyRidingOffset()D from net/minecraft/world/entity/Entity/getMyRidingOffset()D: getMyRidingOffset -> m_6049_
Conflicting propagated mapping for net/mcreator/doorscraftlegacy/entity/FigureEntity/fireImmune()Z from net/minecraft/world/entity/Entity/fireImmune()Z: fireImmune -> m_5825_
Conflicting propagated mapping for net/mcreator/doorscraftlegacy/entity/SeekEntity/ignoreExplosion()Z from net/minecraft/world/entity/Entity/ignoreExplosion()Z: ignoreExplosion -> m_6128_
Conflicting propagated mapping for net/mcreator/doorscraftlegacy/entity/SeekEntity/getAmbientSound()Lnet/minecraft/sounds/SoundEvent; from net/minecraft/world/entity/Mob/getAmbientSound()Lnet/minecraft/sounds/SoundEvent;: getAmbientSound -> m_7515_
Conflicting propagated mapping for net/mcreator/doorscraftlegacy/entity/SeekEntity/hurt(Lnet/minecraft/world/damagesource/DamageSource;F)Z from net/minecraft/world/entity/LivingEntity/hurt(Lnet/minecraft/world/damagesource/DamageSource;F)Z: hurt -> m_6469_
Conflicting propagated mapping for net/mcreator/doorscraftlegacy/entity/SeekEntity/getMobType()Lnet/minecraft/world/entity/MobType; from net/minecraft/world/entity/LivingEntity/getMobType()Lnet/minecraft/world/entity/MobType;: getMobType -> m_6336_
Conflicting propagated mapping for net/mcreator/doorscraftlegacy/entity/SeekEntity/registerGoals()V from net/minecraft/world/entity/Mob/registerGoals()V: registerGoals -> m_8099_
Conflicting propagated mapping for net/mcreator/doorscraftlegacy/entity/RushEntity/fireImmune()Z from net/minecraft/world/entity/Entity/fireImmune()Z: fireImmune -> m_5825_
Conflicting propagated mapping for net/mcreator/doorscraftlegacy/entity/SeekEntity/getMyRidingOffset()D from net/minecraft/world/entity/Entity/getMyRidingOffset()D: getMyRidingOffset -> m_6049_
Conflicting propagated mapping for net/mcreator/doorscraftlegacy/entity/SeekEntity/fireImmune()Z from net/minecraft/world/entity/Entity/fireImmune()Z: fireImmune -> m_5825_
Conflicting propagated mapping for net/mcreator/doorscraftlegacy/entity/FigureEntity$1/getAttackReachSqr(Lnet/minecraft/world/entity/LivingEntity;)D from net/minecraft/world/entity/ai/goal/MeleeAttackGoal/getAttackReachSqr(Lnet/minecraft/world/entity/LivingEntity;)D: getAttackReachSqr -> m_6639_
Conflicting propagated mapping for net/minecraftforge/fluids/ForgeFlowingFluid/getFlowing()Lnet/minecraft/world/level/material/Fluid; from net/minecraft/world/level/material/FlowingFluid/getFlowing()Lnet/minecraft/world/level/material/Fluid;: getFlowing -> m_5615_
Conflicting propagated mapping for net/minecraftforge/fluids/ForgeFlowingFluid/createLegacyBlock(Lnet/minecraft/world/level/material/FluidState;)Lnet/minecraft/world/level/block/state/BlockState; from net/minecraft/world/level/material/Fluid/createLegacyBlock(Lnet/minecraft/world/level/material/FluidState;)Lnet/minecraft/world/level/block/state/BlockState;: createLegacyBlock -> m_5804_
Conflicting propagated mapping for net/minecraftforge/fluids/ForgeFlowingFluid/getTickDelay(Lnet/minecraft/world/level/LevelReader;)I from net/minecraft/world/level/material/Fluid/getTickDelay(Lnet/minecraft/world/level/LevelReader;)I: getTickDelay -> m_6718_
Conflicting propagated mapping for net/minecraftforge/fluids/ForgeFlowingFluid/canConvertToSource(Lnet/minecraft/world/level/Level;)Z from net/minecraft/world/level/material/FlowingFluid/canConvertToSource(Lnet/minecraft/world/level/Level;)Z: canConvertToSource -> m_6760_
Conflicting propagated mapping for net/minecraftforge/fluids/ForgeFlowingFluid/isSame(Lnet/minecraft/world/level/material/Fluid;)Z from net/minecraft/world/level/material/Fluid/isSame(Lnet/minecraft/world/level/material/Fluid;)Z: isSame -> m_6212_
Conflicting propagated mapping for net/minecraftforge/fluids/ForgeFlowingFluid/getPickupSound()Ljava/util/Optional; from net/minecraft/world/level/material/Fluid/getPickupSound()Ljava/util/Optional;: getPickupSound -> m_142520_
Conflicting propagated mapping for net/minecraftforge/fluids/ForgeFlowingFluid/getSlopeFindDistance(Lnet/minecraft/world/level/LevelReader;)I from net/minecraft/world/level/material/FlowingFluid/getSlopeFindDistance(Lnet/minecraft/world/level/LevelReader;)I: getSlopeFindDistance -> m_6719_
Conflicting propagated mapping for net/minecraftforge/fluids/ForgeFlowingFluid/getExplosionResistance()F from net/minecraft/world/level/material/Fluid/getExplosionResistance()F: getExplosionResistance -> m_6752_
Conflicting propagated mapping for net/minecraftforge/fluids/ForgeFlowingFluid/getSource()Lnet/minecraft/world/level/material/Fluid; from net/minecraft/world/level/material/FlowingFluid/getSource()Lnet/minecraft/world/level/material/Fluid;: getSource -> m_5613_
Conflicting propagated mapping for net/minecraftforge/fluids/ForgeFlowingFluid/getDropOff(Lnet/minecraft/world/level/LevelReader;)I from net/minecraft/world/level/material/FlowingFluid/getDropOff(Lnet/minecraft/world/level/LevelReader;)I: getDropOff -> m_6713_
Conflicting propagated mapping for net/minecraftforge/fluids/ForgeFlowingFluid/beforeDestroyingBlock(Lnet/minecraft/world/level/LevelAccessor;Lnet/minecraft/core/BlockPos;Lnet/minecraft/world/level/block/state/BlockState;)V from net/minecraft/world/level/material/FlowingFluid/beforeDestroyingBlock(Lnet/minecraft/world/level/LevelAccessor;Lnet/minecraft/core/BlockPos;Lnet/minecraft/world/level/block/state/BlockState;)V: beforeDestroyingBlock -> m_7456_
Conflicting propagated mapping for net/minecraftforge/fluids/ForgeFlowingFluid/getBucket()Lnet/minecraft/world/item/Item; from net/minecraft/world/level/material/Fluid/getBucket()Lnet/minecraft/world/item/Item;: getBucket -> m_6859_
Conflicting propagated mapping for net/minecraftforge/fluids/ForgeFlowingFluid/canBeReplacedWith(Lnet/minecraft/world/level/material/FluidState;Lnet/minecraft/world/level/BlockGetter;Lnet/minecraft/core/BlockPos;Lnet/minecraft/world/level/material/Fluid;Lnet/minecraft/core/Direction;)Z from net/minecraft/world/level/material/Fluid/canBeReplacedWith(Lnet/minecraft/world/level/material/FluidState;Lnet/minecraft/world/level/BlockGetter;Lnet/minecraft/core/BlockPos;Lnet/minecraft/world/level/material/Fluid;Lnet/minecraft/core/Direction;)Z: canBeReplacedWith -> m_5486_
Conflicting propagated mapping for net/mcreator/doorscraftlegacy/fluid/SeekGoopFluid/getDripParticle()Lnet/minecraft/core/particles/ParticleOptions; from net/minecraft/world/level/material/Fluid/getDripParticle()Lnet/minecraft/core/particles/ParticleOptions;: getDripParticle -> m_7792_
Conflicting propagated mapping for net/mcreator/doorscraftlegacy/fluid/SeekGoopFluid$Flowing/getAmount(Lnet/minecraft/world/level/material/FluidState;)I from net/minecraft/world/level/material/FlowingFluid/getAmount(Lnet/minecraft/world/level/material/FluidState;)I: getAmount -> m_7430_
Conflicting propagated mapping for net/mcreator/doorscraftlegacy/fluid/SeekGoopFluid$Flowing/createFluidStateDefinition(Lnet/minecraft/world/level/block/state/StateDefinition$Builder;)V from net/minecraft/world/level/material/FlowingFluid/createFluidStateDefinition(Lnet/minecraft/world/level/block/state/StateDefinition$Builder;)V: createFluidStateDefinition -> m_7180_
Conflicting propagated mapping for net/mcreator/doorscraftlegacy/fluid/SeekGoopFluid$Source/getAmount(Lnet/minecraft/world/level/material/FluidState;)I from net/minecraft/world/level/material/FlowingFluid/getAmount(Lnet/minecraft/world/level/material/FluidState;)I: getAmount -> m_7430_
Conflicting propagated mapping for net/mcreator/doorscraftlegacy/fluid/SeekGoopFluid$Source/isSource(Lnet/minecraft/world/level/material/FluidState;)Z from net/minecraft/world/level/material/Fluid/isSource(Lnet/minecraft/world/level/material/FluidState;)Z: isSource -> m_7444_
Conflicting propagated mapping for net/mcreator/doorscraftlegacy/fluid/SeekGoopFluid$Flowing/isSource(Lnet/minecraft/world/level/material/FluidState;)Z from net/minecraft/world/level/material/Fluid/isSource(Lnet/minecraft/world/level/material/FluidState;)Z: isSource -> m_7444_
Conflicting propagated mapping for net/minecraftforge/network/IContainerFactory/create(ILnet/minecraft/world/entity/player/Inventory;)Lnet/minecraft/world/inventory/AbstractContainerMenu; from net/minecraft/world/inventory/MenuType$MenuSupplier/create(ILnet/minecraft/world/entity/player/Inventory;)Lnet/minecraft/world/inventory/AbstractContainerMenu;: create -> m_39994_
Conflicting propagated mapping for net/mcreator/doorscraftlegacy/item/BandageItem/use(Lnet/minecraft/world/level/Level;Lnet/minecraft/world/entity/player/Player;Lnet/minecraft/world/InteractionHand;)Lnet/minecraft/world/InteractionResultHolder; from net/minecraft/world/item/Item/use(Lnet/minecraft/world/level/Level;Lnet/minecraft/world/entity/player/Player;Lnet/minecraft/world/InteractionHand;)Lnet/minecraft/world/InteractionResultHolder;: use -> m_7203_
Conflicting propagated mapping for net/mcreator/doorscraftlegacy/item/BandageItem/getDestroySpeed(Lnet/minecraft/world/item/ItemStack;Lnet/minecraft/world/level/block/state/BlockState;)F from net/minecraft/world/item/Item/getDestroySpeed(Lnet/minecraft/world/item/ItemStack;Lnet/minecraft/world/level/block/state/BlockState;)F: getDestroySpeed -> m_8102_
Conflicting propagated mapping for net/mcreator/doorscraftlegacy/item/KnobItem/getDestroySpeed(Lnet/minecraft/world/item/ItemStack;Lnet/minecraft/world/level/block/state/BlockState;)F from net/minecraft/world/item/Item/getDestroySpeed(Lnet/minecraft/world/item/ItemStack;Lnet/minecraft/world/level/block/state/BlockState;)F: getDestroySpeed -> m_8102_
Conflicting propagated mapping for net/mcreator/doorscraftlegacy/item/SkeletonKeyItem/isFoil(Lnet/minecraft/world/item/ItemStack;)Z from net/minecraft/world/item/Item/isFoil(Lnet/minecraft/world/item/ItemStack;)Z: isFoil -> m_5812_
Conflicting propagated mapping for net/mcreator/doorscraftlegacy/item/CrucifixItem$1/getUses()I from net/minecraft/world/item/Tier/getUses()I: getUses -> m_6609_
Conflicting propagated mapping for net/mcreator/doorscraftlegacy/item/CrucifixItem$1/getSpeed()F from net/minecraft/world/item/Tier/getSpeed()F: getSpeed -> m_6624_
Conflicting propagated mapping for net/mcreator/doorscraftlegacy/item/CrucifixItem$1/getRepairIngredient()Lnet/minecraft/world/item/crafting/Ingredient; from net/minecraft/world/item/Tier/getRepairIngredient()Lnet/minecraft/world/item/crafting/Ingredient;: getRepairIngredient -> m_6282_
Conflicting propagated mapping for net/mcreator/doorscraftlegacy/item/CrucifixItem$1/getEnchantmentValue()I from net/minecraft/world/item/Tier/getEnchantmentValue()I: getEnchantmentValue -> m_6601_
Conflicting propagated mapping for net/mcreator/doorscraftlegacy/item/CrucifixItem$1/getLevel()I from net/minecraft/world/item/Tier/getLevel()I: getLevel -> m_6604_
Conflicting propagated mapping for net/mcreator/doorscraftlegacy/item/CrucifixItem$1/getAttackDamageBonus()F from net/minecraft/world/item/Tier/getAttackDamageBonus()F: getAttackDamageBonus -> m_6631_
Conflicting propagated mapping for net/minecraftforge/common/ForgeSpawnEggItem/getType(Lnet/minecraft/nbt/CompoundTag;)Lnet/minecraft/world/entity/EntityType; from net/minecraft/world/item/SpawnEggItem/getType(Lnet/minecraft/nbt/CompoundTag;)Lnet/minecraft/world/entity/EntityType;: getType -> m_43228_
Conflicting propagated mapping for net/minecraftforge/common/BasicItemListing/getOffer(Lnet/minecraft/world/entity/Entity;Lnet/minecraft/util/RandomSource;)Lnet/minecraft/world/item/trading/MerchantOffer; from net/minecraft/world/entity/npc/VillagerTrades$ItemListing/getOffer(Lnet/minecraft/world/entity/Entity;Lnet/minecraft/util/RandomSource;)Lnet/minecraft/world/item/trading/MerchantOffer;: getOffer -> m_213663_
Conflicting propagated mapping for net/mcreator/doorscraftlegacy/item/SkeletonKeyItem$1/getUses()I from net/minecraft/world/item/Tier/getUses()I: getUses -> m_6609_
Conflicting propagated mapping for net/mcreator/doorscraftlegacy/item/SkeletonKeyItem$1/getSpeed()F from net/minecraft/world/item/Tier/getSpeed()F: getSpeed -> m_6624_
Conflicting propagated mapping for net/mcreator/doorscraftlegacy/item/SkeletonKeyItem$1/getRepairIngredient()Lnet/minecraft/world/item/crafting/Ingredient; from net/minecraft/world/item/Tier/getRepairIngredient()Lnet/minecraft/world/item/crafting/Ingredient;: getRepairIngredient -> m_6282_
Conflicting propagated mapping for net/mcreator/doorscraftlegacy/item/SkeletonKeyItem$1/getEnchantmentValue()I from net/minecraft/world/item/Tier/getEnchantmentValue()I: getEnchantmentValue -> m_6601_
Conflicting propagated mapping for net/mcreator/doorscraftlegacy/item/SkeletonKeyItem$1/getLevel()I from net/minecraft/world/item/Tier/getLevel()I: getLevel -> m_6604_
Conflicting propagated mapping for net/mcreator/doorscraftlegacy/item/SkeletonKeyItem$1/getAttackDamageBonus()F from net/minecraft/world/item/Tier/getAttackDamageBonus()F: getAttackDamageBonus -> m_6631_
Conflicting propagated mapping for net/mcreator/doorscraftlegacy/item/CrucifixItem/isFoil(Lnet/minecraft/world/item/ItemStack;)Z from net/minecraft/world/item/Item/isFoil(Lnet/minecraft/world/item/ItemStack;)Z: isFoil -> m_5812_
Conflicting propagated mapping for net/minecraftforge/items/SlotItemHandler/set(Lnet/minecraft/world/item/ItemStack;)V from net/minecraft/world/inventory/Slot/set(Lnet/minecraft/world/item/ItemStack;)V: set -> m_5852_
Conflicting propagated mapping for net/minecraftforge/items/SlotItemHandler/mayPlace(Lnet/minecraft/world/item/ItemStack;)Z from net/minecraft/world/inventory/Slot/mayPlace(Lnet/minecraft/world/item/ItemStack;)Z: mayPlace -> m_5857_
Conflicting propagated mapping for net/minecraftforge/items/SlotItemHandler/remove(I)Lnet/minecraft/world/item/ItemStack; from net/minecraft/world/inventory/Slot/remove(I)Lnet/minecraft/world/item/ItemStack;: remove -> m_6201_
Conflicting propagated mapping for net/minecraftforge/items/SlotItemHandler/onQuickCraft(Lnet/minecraft/world/item/ItemStack;Lnet/minecraft/world/item/ItemStack;)V from net/minecraft/world/inventory/Slot/onQuickCraft(Lnet/minecraft/world/item/ItemStack;Lnet/minecraft/world/item/ItemStack;)V: onQuickCraft -> m_40234_
Conflicting propagated mapping for net/minecraftforge/items/SlotItemHandler/getItem()Lnet/minecraft/world/item/ItemStack; from net/minecraft/world/inventory/Slot/getItem()Lnet/minecraft/world/item/ItemStack;: getItem -> m_7993_
Conflicting propagated mapping for net/minecraftforge/items/SlotItemHandler/getMaxStackSize(Lnet/minecraft/world/item/ItemStack;)I from net/minecraft/world/inventory/Slot/getMaxStackSize(Lnet/minecraft/world/item/ItemStack;)I: getMaxStackSize -> m_5866_
Conflicting propagated mapping for net/minecraftforge/items/SlotItemHandler/mayPickup(Lnet/minecraft/world/entity/player/Player;)Z from net/minecraft/world/inventory/Slot/mayPickup(Lnet/minecraft/world/entity/player/Player;)Z: mayPickup -> m_8010_
Conflicting propagated mapping for net/minecraftforge/items/SlotItemHandler/getMaxStackSize()I from net/minecraft/world/inventory/Slot/getMaxStackSize()I: getMaxStackSize -> m_6641_
Conflicting propagated mapping for net/mcreator/doorscraftlegacy/world/inventory/RiftStorageMenu$3/mayPlace(Lnet/minecraft/world/item/ItemStack;)Z from net/minecraftforge/items/SlotItemHandler/mayPlace(Lnet/minecraft/world/item/ItemStack;)Z: mayPlace -> m_5857_
Conflicting propagated mapping for net/mcreator/doorscraftlegacy/world/inventory/TestMenu$2/mayPlace(Lnet/minecraft/world/item/ItemStack;)Z from net/minecraftforge/items/SlotItemHandler/mayPlace(Lnet/minecraft/world/item/ItemStack;)Z: mayPlace -> m_5857_
Conflicting propagated mapping for net/mcreator/doorscraftlegacy/world/inventory/TestMenu$3/mayPlace(Lnet/minecraft/world/item/ItemStack;)Z from net/minecraftforge/items/SlotItemHandler/mayPlace(Lnet/minecraft/world/item/ItemStack;)Z: mayPlace -> m_5857_
Conflicting propagated mapping for net/mcreator/doorscraftlegacy/world/inventory/TestMenu$4/mayPlace(Lnet/minecraft/world/item/ItemStack;)Z from net/minecraftforge/items/SlotItemHandler/mayPlace(Lnet/minecraft/world/item/ItemStack;)Z: mayPlace -> m_5857_
Conflicting propagated mapping for net/mcreator/doorscraftlegacy/world/inventory/TestMenu$5/mayPlace(Lnet/minecraft/world/item/ItemStack;)Z from net/minecraftforge/items/SlotItemHandler/mayPlace(Lnet/minecraft/world/item/ItemStack;)Z: mayPlace -> m_5857_
Adding extras
Sorting
Writing Output: C:\Users\Caleb\MCreatorWorkspaces\doorscraft_legacy\build\libs\modid-1.0.jar
  META-INF/
  META-INF/MANIFEST.MF
  META-INF/mods.toml
  assets/
  assets/doorscraft_legacy/
  assets/doorscraft_legacy/blockstates/
  assets/doorscraft_legacy/blockstates/closet_door.json
  assets/doorscraft_legacy/blockstates/closet_top.json
  assets/doorscraft_legacy/blockstates/door_room.json
  assets/doorscraft_legacy/blockstates/drawer.json
  assets/doorscraft_legacy/blockstates/hotel_block.json
  assets/doorscraft_legacy/blockstates/rift.json
  assets/doorscraft_legacy/blockstates/seek_goop.json
  assets/doorscraft_legacy/blockstates/skeleton_lock.json
  assets/doorscraft_legacy/lang/
  assets/doorscraft_legacy/lang/en_us.json
  assets/doorscraft_legacy/models/
  assets/doorscraft_legacy/models/block/
  assets/doorscraft_legacy/models/block/closet_door_bottom_left.json
  assets/doorscraft_legacy/models/block/closet_door_bottom_left_open.json
  assets/doorscraft_legacy/models/block/closet_door_bottom_right.json
  assets/doorscraft_legacy/models/block/closet_door_bottom_right_open.json
  assets/doorscraft_legacy/models/block/closet_door_top_left.json
  assets/doorscraft_legacy/models/block/closet_door_top_left_open.json
  assets/doorscraft_legacy/models/block/closet_door_top_right.json
  assets/doorscraft_legacy/models/block/closet_door_top_right_open.json
  assets/doorscraft_legacy/models/block/closet_top.json
  assets/doorscraft_legacy/models/block/closet_top_full.json
  assets/doorscraft_legacy/models/block/closet_top_top.json
  assets/doorscraft_legacy/models/block/door_room_bottom_left.json
  assets/doorscraft_legacy/models/block/door_room_bottom_left_open.json
  assets/doorscraft_legacy/models/block/door_room_bottom_right.json
  assets/doorscraft_legacy/models/block/door_room_bottom_right_open.json
  assets/doorscraft_legacy/models/block/door_room_top_left.json
  assets/doorscraft_legacy/models/block/door_room_top_left_open.json
  assets/doorscraft_legacy/models/block/door_room_top_right.json
  assets/doorscraft_legacy/models/block/door_room_top_right_open.json
  assets/doorscraft_legacy/models/block/drawer.json
  assets/doorscraft_legacy/models/block/hotel_block.json
  assets/doorscraft_legacy/models/block/rift.json
  assets/doorscraft_legacy/models/block/seek_goop.json
  assets/doorscraft_legacy/models/block/skeleton_lock.json
  assets/doorscraft_legacy/models/item/
  assets/doorscraft_legacy/models/item/ambush_spawn_egg.json
  assets/doorscraft_legacy/models/item/bandage.json
  assets/doorscraft_legacy/models/item/closet_door.json
  assets/doorscraft_legacy/models/item/closet_top.json
  assets/doorscraft_legacy/models/item/crucifix.json
  assets/doorscraft_legacy/models/item/door_room.json
  assets/doorscraft_legacy/models/item/drawer.json
  assets/doorscraft_legacy/models/item/figure_spawn_egg.json
  assets/doorscraft_legacy/models/item/hotel_block.json
  assets/doorscraft_legacy/models/item/knob.json
  assets/doorscraft_legacy/models/item/rift.json
  assets/doorscraft_legacy/models/item/rush_spawn_egg.json
  assets/doorscraft_legacy/models/item/seek_goop_bucket.json
  assets/doorscraft_legacy/models/item/seek_spawn_egg.json
  assets/doorscraft_legacy/models/item/skeleton_key.json
  assets/doorscraft_legacy/models/item/skeleton_lock.json
  assets/doorscraft_legacy/sounds.json
  assets/doorscraft_legacy/sounds/
  assets/doorscraft_legacy/sounds/1201345_doors-ost---here-i-come.ogg
  assets/doorscraft_legacy/sounds/1201509_doors-ost---dawn-of-the-do.ogg
  assets/doorscraft_legacy/sounds/1229976_unhinged-retro-remix.ogg
  assets/doorscraft_legacy/sounds/doors-ost-jeffs-jingle-jeffs-shop-music-roblox-doors-made-with-voicemod.ogg
  assets/doorscraft_legacy/textures/
  assets/doorscraft_legacy/textures/953e4c0bda01b778c3fc6f366fec39ba.png
  assets/doorscraft_legacy/textures/block/
  assets/doorscraft_legacy/textures/block/door_room.png
  assets/doorscraft_legacy/textures/block/drawer_front.png
  assets/doorscraft_legacy/textures/block/drawer_side.png
  assets/doorscraft_legacy/textures/block/hotel_floor_wall_block.png
  assets/doorscraft_legacy/textures/block/rift.png
  assets/doorscraft_legacy/textures/block/seek_liquid.png
  assets/doorscraft_legacy/textures/block/skeleton_lock_front.png
  assets/doorscraft_legacy/textures/block/skeleton_lock_side.png
  assets/doorscraft_legacy/textures/dupeface.png
  assets/doorscraft_legacy/textures/entities/
  assets/doorscraft_legacy/textures/entities/2024_04_21_ambush-22488442.png
  assets/doorscraft_legacy/textures/entities/2024_04_24_doors-rush-22493941.png
  assets/doorscraft_legacy/textures/entities/2024_05_04_--seek---22512034.png
  assets/doorscraft_legacy/textures/entities/2025_04_16_figure-23197212.png
  assets/doorscraft_legacy/textures/entities/2025_08_05_soul-fire-in-the-dark-v2--slim--23449587.png
  assets/doorscraft_legacy/textures/entity/
  assets/doorscraft_legacy/textures/entity/villager/
  assets/doorscraft_legacy/textures/entity/villager/profession/
  assets/doorscraft_legacy/textures/entity/villager/profession/jeff.png
  assets/doorscraft_legacy/textures/entity/villager/profession/jeff.png.mcmeta
  assets/doorscraft_legacy/textures/entity/zombie_villager/
  assets/doorscraft_legacy/textures/entity/zombie_villager/profession/
  assets/doorscraft_legacy/textures/entity/zombie_villager/profession/jeff.png
  assets/doorscraft_legacy/textures/item/
  assets/doorscraft_legacy/textures/item/bandage.png
  assets/doorscraft_legacy/textures/item/crucifix.png
  assets/doorscraft_legacy/textures/item/herb_of_verdigris.png
  assets/doorscraft_legacy/textures/item/knob.png
  assets/doorscraft_legacy/textures/item/necro_staff.png
  assets/doorscraft_legacy/textures/item/skeleton_key.png
  assets/doorscraft_legacy/textures/mob_effect/
  assets/doorscraft_legacy/textures/mob_effect/herb_of_virdigris.png
  assets/doorscraft_legacy/textures/painting/
  assets/doorscraft_legacy/textures/painting/dupe_painting.png
  assets/doorscraft_legacy/textures/screens/
  assets/doorscraft_legacy/textures/screens/drawer.png
  assets/doorscraft_legacy/textures/screens/rift_storage.png
  assets/doorscraft_legacy/textures/screens/test.png
  data/
  data/doorscraft_legacy/
  data/doorscraft_legacy/advancements/
  data/doorscraft_legacy/advancements/by_the_power_of_guiding_light_i_banish_thee.json
  data/doorscraft_legacy/advancements/wheres_the_lock.json
  data/doorscraft_legacy/damage_type/
  data/doorscraft_legacy/damage_type/dupe.json
  data/doorscraft_legacy/forge/
  data/doorscraft_legacy/forge/biome_modifier/
  data/doorscraft_legacy/forge/biome_modifier/ambush_biome_modifier.json
  data/doorscraft_legacy/forge/biome_modifier/rush_biome_modifier.json
  data/doorscraft_legacy/forge/biome_modifier/seek_biome_modifier.json
  data/doorscraft_legacy/loot_tables/
  data/doorscraft_legacy/loot_tables/blocks/
  data/doorscraft_legacy/loot_tables/blocks/closet_door.json
  data/doorscraft_legacy/loot_tables/blocks/closet_top.json
  data/doorscraft_legacy/loot_tables/blocks/door_room.json
  data/doorscraft_legacy/loot_tables/blocks/drawer.json
  data/doorscraft_legacy/loot_tables/blocks/hotel_block.json
  data/doorscraft_legacy/loot_tables/blocks/rift.json
  data/doorscraft_legacy/loot_tables/blocks/skeleton_lock.json
  data/minecraft/
  data/minecraft/tags/
  data/minecraft/tags/blocks/
  data/minecraft/tags/blocks/mineable/
  data/minecraft/tags/blocks/mineable/pickaxe.json
  data/minecraft/tags/blocks/needs_diamond_tool.json
  data/minecraft/tags/blocks/replaceable.json
  data/minecraft/tags/blocks/slabs.json
  data/minecraft/tags/items/
  data/minecraft/tags/items/pickaxes.json
  data/minecraft/tags/items/swords.json
  data/minecraft/tags/painting_variant/
  data/minecraft/tags/painting_variant/placeable.json
  data/minecraft/tags/point_of_interest_type/
  data/minecraft/tags/point_of_interest_type/acquirable_job_site.json
  logo.png
  net/
  net/mcreator/
  net/mcreator/doorscraftlegacy/
  net/mcreator/doorscraftlegacy/DoorscraftLegacyMod.class
  net/mcreator/doorscraftlegacy/block/
  net/mcreator/doorscraftlegacy/block/ClosetDoorBlock.class
  net/mcreator/doorscraftlegacy/block/ClosetSideBlock.class
  net/mcreator/doorscraftlegacy/block/DoorRoomBlock.class
  net/mcreator/doorscraftlegacy/block/DrawerBlock$1.class
  net/mcreator/doorscraftlegacy/block/DrawerBlock.class
  net/mcreator/doorscraftlegacy/block/HotelBlockBlock.class
  net/mcreator/doorscraftlegacy/block/RiftBlock$1.class
  net/mcreator/doorscraftlegacy/block/RiftBlock.class
  net/mcreator/doorscraftlegacy/block/SeekGoopBlock.class
  net/mcreator/doorscraftlegacy/block/SkeletonLockBlock.class
  net/mcreator/doorscraftlegacy/block/entity/
  net/mcreator/doorscraftlegacy/block/entity/DrawerBlockEntity.class
  net/mcreator/doorscraftlegacy/block/entity/RiftBlockEntity.class
  net/mcreator/doorscraftlegacy/client/
  net/mcreator/doorscraftlegacy/client/gui/
  net/mcreator/doorscraftlegacy/client/gui/RiftStorageScreen.class
  net/mcreator/doorscraftlegacy/client/gui/TestScreen.class
  net/mcreator/doorscraftlegacy/client/renderer/
  net/mcreator/doorscraftlegacy/client/renderer/AmbushRenderer.class
  net/mcreator/doorscraftlegacy/client/renderer/FigureRenderer.class
  net/mcreator/doorscraftlegacy/client/renderer/RushRenderer.class
  net/mcreator/doorscraftlegacy/client/renderer/SeekRenderer.class
  net/mcreator/doorscraftlegacy/entity/
  net/mcreator/doorscraftlegacy/entity/AmbushEntity.class
  net/mcreator/doorscraftlegacy/entity/FigureEntity$1.class
  net/mcreator/doorscraftlegacy/entity/FigureEntity.class
  net/mcreator/doorscraftlegacy/entity/RushEntity.class
  net/mcreator/doorscraftlegacy/entity/SeekEntity.class
  net/mcreator/doorscraftlegacy/fluid/
  net/mcreator/doorscraftlegacy/fluid/SeekGoopFluid$Flowing.class
  net/mcreator/doorscraftlegacy/fluid/SeekGoopFluid$Source.class
  net/mcreator/doorscraftlegacy/fluid/SeekGoopFluid.class
  net/mcreator/doorscraftlegacy/fluid/types/
  net/mcreator/doorscraftlegacy/fluid/types/SeekGoopFluidType$1.class
  net/mcreator/doorscraftlegacy/fluid/types/SeekGoopFluidType.class
  net/mcreator/doorscraftlegacy/init/
  net/mcreator/doorscraftlegacy/init/DoorscraftLegacyModBlockEntities.class
  net/mcreator/doorscraftlegacy/init/DoorscraftLegacyModBlocks.class
  net/mcreator/doorscraftlegacy/init/DoorscraftLegacyModEntities.class
  net/mcreator/doorscraftlegacy/init/DoorscraftLegacyModEntityRenderers.class
  net/mcreator/doorscraftlegacy/init/DoorscraftLegacyModFluidTypes.class
  net/mcreator/doorscraftlegacy/init/DoorscraftLegacyModFluids$FluidsClientSideHandler.class
  net/mcreator/doorscraftlegacy/init/DoorscraftLegacyModFluids.class
  net/mcreator/doorscraftlegacy/init/DoorscraftLegacyModItems.class
  net/mcreator/doorscraftlegacy/init/DoorscraftLegacyModMenus$MenuAccessor.class
  net/mcreator/doorscraftlegacy/init/DoorscraftLegacyModMenus.class
  net/mcreator/doorscraftlegacy/init/DoorscraftLegacyModPaintings.class
  net/mcreator/doorscraftlegacy/init/DoorscraftLegacyModScreens$ScreenAccessor.class
  net/mcreator/doorscraftlegacy/init/DoorscraftLegacyModScreens.class
  net/mcreator/doorscraftlegacy/init/DoorscraftLegacyModSounds.class
  net/mcreator/doorscraftlegacy/init/DoorscraftLegacyModTabs.class
  net/mcreator/doorscraftlegacy/init/DoorscraftLegacyModTrades.class
  net/mcreator/doorscraftlegacy/init/DoorscraftLegacyModVillagerProfessions$ProfessionPoiType.class
  net/mcreator/doorscraftlegacy/init/DoorscraftLegacyModVillagerProfessions.class
  net/mcreator/doorscraftlegacy/item/
  net/mcreator/doorscraftlegacy/item/BandageItem.class
  net/mcreator/doorscraftlegacy/item/CrucifixItem$1.class
  net/mcreator/doorscraftlegacy/item/CrucifixItem.class
  net/mcreator/doorscraftlegacy/item/KnobItem.class
  net/mcreator/doorscraftlegacy/item/SeekGoopItem.class
  net/mcreator/doorscraftlegacy/item/SkeletonKeyItem$1.class
  net/mcreator/doorscraftlegacy/item/SkeletonKeyItem.class
  net/mcreator/doorscraftlegacy/network/
  net/mcreator/doorscraftlegacy/network/MenuStateUpdateMessage.class
  net/mcreator/doorscraftlegacy/procedures/
  net/mcreator/doorscraftlegacy/procedures/BandageRightclickedProcedure.class
  net/mcreator/doorscraftlegacy/world/
  net/mcreator/doorscraftlegacy/world/inventory/
  net/mcreator/doorscraftlegacy/world/inventory/RiftStorageMenu$1.class
  net/mcreator/doorscraftlegacy/world/inventory/RiftStorageMenu$2.class
  net/mcreator/doorscraftlegacy/world/inventory/RiftStorageMenu$3.class
  net/mcreator/doorscraftlegacy/world/inventory/RiftStorageMenu.class
  net/mcreator/doorscraftlegacy/world/inventory/TestMenu$1.class
  net/mcreator/doorscraftlegacy/world/inventory/TestMenu$2.class
  net/mcreator/doorscraftlegacy/world/inventory/TestMenu$3.class
  net/mcreator/doorscraftlegacy/world/inventory/TestMenu$4.class
  net/mcreator/doorscraftlegacy/world/inventory/TestMenu$5.class
  net/mcreator/doorscraftlegacy/world/inventory/TestMenu$6.class
  net/mcreator/doorscraftlegacy/world/inventory/TestMenu$7.class
  net/mcreator/doorscraftlegacy/world/inventory/TestMenu$8.class
  net/mcreator/doorscraftlegacy/world/inventory/TestMenu$9.class
  net/mcreator/doorscraftlegacy/world/inventory/TestMenu.class
  pack.mcmeta
